{
    "samples": [
        {
            "apiHost": {
                "ipv4": "0.0.31.165",
                "tag": "IPv4"
            },
            "apiPort": 15210,
            "chainConfig": {
                "cardanoSigningKey": "b/b/b/a/b..sk",
                "cardanoVerificationKeys": [
                    "a..vk"
                ],
                "networkId": {
                    "magic": 31741,
                    "tag": "Testnet"
                },
                "nodeSocket": "a/a/c.socket",
                "startChainFrom": null
            },
            "host": {
                "ipv4": "0.0.45.149",
                "tag": "IPv4"
            },
            "hydraScriptsTxId": "9c7d884857aa17f6d73e757d4da1d389f74385b47320f5f22ce3437e6478ed68",
            "hydraSigningKey": "c/c/c/a/b.sk",
            "hydraVerificationKeys": [
                "c.vk"
            ],
            "ledgerConfig": {
                "cardanoLedgerGenesisFile": "c/c/b/b..json",
                "cardanoLedgerProtocolParametersFile": "a..json"
            },
            "monitoringPort": 10153,
            "nodeId": "obqrzjdnxlqd",
            "peers": [
                {
                    "hostname": "0.0.0.4",
                    "port": 7
                },
                {
                    "hostname": "0.0.0.3",
                    "port": 8
                },
                {
                    "hostname": "0.0.0.8",
                    "port": 0
                }
            ],
            "persistenceDir": "b",
            "port": 30477,
            "verbosity": {
                "contents": "HydraNode",
                "tag": "Verbose"
            }
        },
        {
            "apiHost": {
                "ipv4": "0.0.35.170",
                "tag": "IPv4"
            },
            "apiPort": 6471,
            "chainConfig": {
                "cardanoSigningKey": "b/b..sk",
                "cardanoVerificationKeys": [
                    "b..vk",
                    "b/a/a..vk",
                    "c..vk",
                    "a/b..vk"
                ],
                "networkId": {
                    "magic": 28807,
                    "tag": "Testnet"
                },
                "nodeSocket": "b.socket",
                "startChainFrom": null
            },
            "host": {
                "ipv4": "0.0.101.193",
                "tag": "IPv4"
            },
            "hydraScriptsTxId": "ef103db78e9c8b1e70d97cb4ab2ba170ea3b21ec984beb9266d8302f8db70b79",
            "hydraSigningKey": "c/c/a/b/a.sk",
            "hydraVerificationKeys": [
                "a.vk",
                "b.vk",
                "c/c/c.vk",
                "a/b.vk",
                "b.vk"
            ],
            "ledgerConfig": {
                "cardanoLedgerGenesisFile": "c/b/b/b/b/a..json",
                "cardanoLedgerProtocolParametersFile": "b/a/b/c/b/a..json"
            },
            "monitoringPort": null,
            "nodeId": "izzrsnpfnrgvxagd",
            "peers": [
                {
                    "hostname": "0.0.0.1",
                    "port": 2
                },
                {
                    "hostname": "0.0.0.8",
                    "port": 5
                },
                {
                    "hostname": "0.0.0.6",
                    "port": 6
                },
                {
                    "hostname": "0.0.0.4",
                    "port": 5
                }
            ],
            "persistenceDir": "b/a/b/c/a/b",
            "port": 5932,
            "verbosity": {
                "tag": "Quiet"
            }
        },
        {
            "apiHost": {
                "ipv4": "0.0.33.168",
                "tag": "IPv4"
            },
            "apiPort": 21653,
            "chainConfig": {
                "cardanoSigningKey": "b/b..sk",
                "cardanoVerificationKeys": [
                    "a..vk",
                    "b/c..vk",
                    "a/b/c..vk",
                    "a/b/a..vk",
                    "b/b..vk",
                    "b/a..vk"
                ],
                "networkId": {
                    "magic": 31687,
                    "tag": "Testnet"
                },
                "nodeSocket": "b/c/c.socket",
                "startChainFrom": {
                    "blockHash": "3758fb2e5dd7d89d4b798a503e5ea9e671e0605a7df248611519e6386fddbc9d",
                    "slot": 3478493,
                    "tag": "ChainPoint"
                }
            },
            "host": {
                "ipv4": "0.0.36.187",
                "tag": "IPv4"
            },
            "hydraScriptsTxId": "720bc3da600b36417248aec5c940b8e5fb03b1b31b12c6341abcad0edbdf614e",
            "hydraSigningKey": "a/b/c.sk",
            "hydraVerificationKeys": [
                "c.vk",
                "a/a/b.vk"
            ],
            "ledgerConfig": {
                "cardanoLedgerGenesisFile": "c/c..json",
                "cardanoLedgerProtocolParametersFile": "c/b/b/b/b/c..json"
            },
            "monitoringPort": null,
            "nodeId": "asgslrtjxpwvvjnvgzbhje",
            "peers": [],
            "persistenceDir": "c/a",
            "port": 21651,
            "verbosity": {
                "contents": "HydraNode",
                "tag": "Verbose"
            }
        },
        {
            "apiHost": {
                "ipv4": "0.0.40.7",
                "tag": "IPv4"
            },
            "apiPort": 22678,
            "chainConfig": {
                "cardanoSigningKey": "c/a..sk",
                "cardanoVerificationKeys": [
                    "c/c/a..vk",
                    "a/c/b..vk",
                    "a/b..vk",
                    "b/b..vk",
                    "c/a..vk",
                    "c/b..vk"
                ],
                "networkId": {
                    "magic": 19644,
                    "tag": "Testnet"
                },
                "nodeSocket": "b/c.socket",
                "startChainFrom": {
                    "blockHash": "377a64fc25f0ea545c899ac3f400a3b482b71f3a4f83cbb82596d9c97340d46d",
                    "slot": 640299,
                    "tag": "ChainPoint"
                }
            },
            "host": {
                "ipv4": "0.0.76.205",
                "tag": "IPv4"
            },
            "hydraScriptsTxId": "ed6377d3a8d7a0699418fa3f257e65d12dac04d3ce7b788267bdb6b61e721c76",
            "hydraSigningKey": "a/a/b.sk",
            "hydraVerificationKeys": [
                "a/a.vk",
                "b/a.vk",
                "c/b/c.vk",
                "a.vk"
            ],
            "ledgerConfig": {
                "cardanoLedgerGenesisFile": "b/a/a..json",
                "cardanoLedgerProtocolParametersFile": "a/c/a/b/a/a..json"
            },
            "monitoringPort": 1255,
            "nodeId": "skchssitj",
            "peers": [
                {
                    "hostname": "0.0.0.6",
                    "port": 4
                },
                {
                    "hostname": "0.0.0.5",
                    "port": 8
                },
                {
                    "hostname": "0.0.0.8",
                    "port": 8
                }
            ],
            "persistenceDir": "a/b/b/c/b/b",
            "port": 5161,
            "verbosity": {
                "contents": "HydraNode",
                "tag": "Verbose"
            }
        },
        {
            "apiHost": {
                "ipv4": "0.0.15.3",
                "tag": "IPv4"
            },
            "apiPort": 12837,
            "chainConfig": {
                "cardanoSigningKey": "c/b/a/c/c..sk",
                "cardanoVerificationKeys": [
                    "c/a..vk",
                    "c..vk",
                    "a/c..vk",
                    "a/b..vk"
                ],
                "networkId": {
                    "magic": 15152,
                    "tag": "Testnet"
                },
                "nodeSocket": "a/c/a/b/c.socket",
                "startChainFrom": null
            },
            "host": {
                "ipv4": "0.0.6.224",
                "tag": "IPv4"
            },
            "hydraScriptsTxId": "3df65540acacab27198b3d42cf34d89a2bbec06c3aab7146a13110ab02ecf6c5",
            "hydraSigningKey": "a/c/b/a.sk",
            "hydraVerificationKeys": [
                "a/c.vk",
                "a/c.vk",
                "b/b/c.vk"
            ],
            "ledgerConfig": {
                "cardanoLedgerGenesisFile": "a..json",
                "cardanoLedgerProtocolParametersFile": "c/c/c..json"
            },
            "monitoringPort": 8663,
            "nodeId": "tsctmwwlnrnspmkb",
            "peers": [],
            "persistenceDir": "b",
            "port": 1797,
            "verbosity": {
                "contents": "HydraNode",
                "tag": "Verbose"
            }
        }
    ],
    "seed": -778510154
}