{
    "samples": [
        "0bb7e66cf23c8882375ee0821140a9efc733773a7a",
        "27d9d4cb3ac4",
        "06273d4681336c9f6634704cd50a952d3667c8143828",
        "e82eae6d02b32798dc0ec33e",
        "e7479e"
    ],
    "seed": 1455135500
}