{
    "samples": [
        {
            "body": {
                "inputs": [
                    "03170a2e7597b7b7e3d84c05391d139a62b157e78786d8c082f29dcf4c111314#16",
                    "03170a2e7597b7b7e3d84c05391d139a62b157e78786d8c082f29dcf4c111314#97"
                ],
                "outputs": [
                    {
                        "address": "addr_test1qp4ejp88fagzdtxj3hqjzlq5ndjkhxxvp8d95wz06mg5l2rjfpyjf2skj09eaqfdmcjz7p9lffmpu86w2h4n54r0k9ssa5sxe9",
                        "value": {
                            "lovelace": 49584379
                        }
                    },
                    {
                        "address": "addr_test1qr0eu9srf4jncy8ztrjslqfqg5ee59agnwm9se0k7eeecssfu5jm058t8z6r4neqk7recnwp9hycruazh46t4nt89c9sxmp7hh",
                        "value": {
                            "lovelace": 49584379
                        }
                    },
                    {
                        "address": "addr_test1qpqghkmtt35m4cyx3690utnew23ef84a4z0wy9annjra0scg64lhwetuhqmr8d3x7pc3g0zwvx9cxzhkmu7wl6j62txsk055us",
                        "value": {
                            "lovelace": 1
                        }
                    }
                ]
            },
            "id": "21adf9dc32a926ea028eab91cbecc935ade44a10ec879eb98bb930239a293806",
            "witnesses": [
                "82008258200b88e61edd9d7460de10cb6eb18632581b937211504dbc981ba56ab8120119fe5840418182413c5364c5fcd30e9398db156c9ab85f25e00feee4fcc9760a429c4589f326300d60b36d03dc3961bc0ebb11d2aebc72db75b99750fbced17511d0a205",
                "8200825820552009fe0d245b53a4662185b69734b6834f185e250b3896b00683e72389dc1e584068f687683e45a0bf58265ca4eace3f11f3deefa5f984474ed53c1e942a93152339c246d66c31176c94e0e84e076360bc06842e1f459dd25dca0c05d4ec17af02"
            ]
        },
        {
            "body": {
                "inputs": [
                    "03170a2e7597b7b7e3d84c05391d139a62b157e78786d8c082f29dcf4c111314#37"
                ],
                "outputs": [
                    {
                        "address": "addr_test1qzmrfesgdrgttxmxz55tem0t3kunakn5gq5t52rhfjdd0al65antstdmwulpk90xqa3mlj2afj79k682fmm43z6ma5jspdxxk8",
                        "value": {
                            "lovelace": 67430240
                        }
                    },
                    {
                        "address": "addr_test1qq3qgwhryf5h27snmtnkfu6vvfj9eayuvwqv5zlk6ny36tn0xczffgvpxz0mxk7k24ltfeer5rjcc63xpqc6xgdqr6ss4v9snf",
                        "value": {
                            "lovelace": 0
                        }
                    }
                ]
            },
            "id": "c79d097f297571c29e5d2cc8fa48a25e67ed2cb134bde709b6d2f973926bdcfd",
            "witnesses": [
                "820082582041a0db5745193efbc7d66669ca327c9fd620c672d6d11aec997663644df456b25840d76f389f245e47ad2ee2b2a4e9aa16f220038589ac03ef4f3e8eb4ff57439775b5fb166ec58a5c13f5eab75997b955f43f3a8562573b052d1d5d8b07a5aa200f"
            ]
        },
        {
            "body": {
                "inputs": [
                    "03170a2e7597b7b7e3d84c05391d139a62b157e78786d8c082f29dcf4c111314#37"
                ],
                "outputs": [
                    {
                        "address": "addr_test1qqyukpt03t6mktrv5ct0krhcspycv5txuvgvsvx96p94pncl3v5plv7an2dlh2ffn2fheue2ua4cz04rl50wn7uvt29qqg9wsq",
                        "value": {
                            "lovelace": 57140265
                        }
                    },
                    {
                        "address": "addr_test1qpfqa32f9x0n2px5999dvgfjhejfwr5wyejpvcgqnyc69cphe7trff8m8pkmpywmtwkfxhwe736pelkhhfauxhpnm6dqkgytqn",
                        "value": {
                            "lovelace": 0
                        }
                    }
                ]
            },
            "id": "e14971ef7699d894a9e947b0eaf5a861b92ac3478725628170249825b439bdb4",
            "witnesses": [
                "820082582015b2d94e02f6588df082324b1fbfbcb1ca536274b194da4441bbc73637adc47458409ce9fe1b8569ff16393cda587f96a329de581f1c744770c8dd49c6f0470c5ae392ddb5fa1b1e444985147840d3367d2d60bc086921b5b3cde1ae190484e15909",
                "8200825820b72a66a6b35fd34ff16d25e41c89e53b32fd3102aca0b92e2121c632f7e84fb7584080782cfc7e8a46ee50d4ebf9cb2a5095101b1c1d38d4bc6f64614c1e2a2629b802026360b99a022532308d8a02e41de6fa127d125bfaa8673eabfa35fa40550c"
            ]
        },
        {
            "body": {
                "inputs": [
                    "03170a2e7597b7b7e3d84c05391d139a62b157e78786d8c082f29dcf4c111314#29",
                    "03170a2e7597b7b7e3d84c05391d139a62b157e78786d8c082f29dcf4c111314#55",
                    "03170a2e7597b7b7e3d84c05391d139a62b157e78786d8c082f29dcf4c111314#68",
                    "03170a2e7597b7b7e3d84c05391d139a62b157e78786d8c082f29dcf4c111314#93"
                ],
                "outputs": [
                    {
                        "address": "addr_test1qrau559y73ncjaeuhyqzjnf3xnqeggm6dtvvam6almc393hygj3f9t8dcp2047cf4tra5dyd4ukqrcnn8qgm9v69ejnsljx74c",
                        "value": {
                            "lovelace": 54118007
                        }
                    },
                    {
                        "address": "addr_test1qqxmfkkdh0ryafqh5tj2fc5g86kp06pqzlzxmmgsvalx3xc9q4yadgsjftd9f9wlcz2mmt23mw9266n2nv3pll3lsgxsfx72s6",
                        "value": {
                            "lovelace": 54118007
                        }
                    },
                    {
                        "address": "addr_test1qq6fud3de9cnh89sk6wuycgjq4hkywhcpjtn9lv40urv575jckk6dszj63kkdfxvz6z479j4cg6qn25mle35qvy6czzsyu8mlt",
                        "value": {
                            "lovelace": 54118007
                        }
                    },
                    {
                        "address": "addr_test1xprpwn8carpynk8sq9z5pslt63t7a2pm4qrasuvqqnhzef6900ddnvzdkregx3scav6qjjc0vq0l9apfh9sd8983zcesfn5hpc",
                        "value": {
                            "lovelace": 54118007
                        }
                    },
                    {
                        "address": "addr_test1qryn9rc7f97c4mu2pnycfrt6z25au6faa3yxtfkrxlrfdgremjxxz7dl5h56gd40zk2w2uetac8zd723e94c5wg32n0szzuph9",
                        "value": {
                            "lovelace": 3
                        }
                    }
                ]
            },
            "id": "8049362a6e5e7560b9b76218460d22abd3b3ad3831052f0eaf5b4876f90c83e5",
            "witnesses": [
                "82008258201e602adcaafec0fbc0b71366ee03bb27e77a3d680496dac18e7ed3ab23f7e4ca5840cb2db7d1c51cf5a0335e609564c7831e91191a03cffffd3f8e8a68865b59f4244ec4c9c4a01d969db2b8fdd99d0d8342aae31d7469798ee7ac1cdd0c37d45802",
                "8200825820960c5bc06cb30b8825b625892002d7e57570e424569d3f469769ec900f3b658e58404ad2bd773a0165b83067317fa6016e253b0ce60e85286b4bd3fedacb903cd42412aabe8030f49aecd7cfeffecdc6689d2148f2b90d8d742d1903f70d4bd3a809",
                "82008258203ebff3daacb5bae363519c068616575f5cd4b8bc36baebf6ca1e5164988e63a558403f288df0ced88a11137561c906c93fc23713615fc76aafab4b8be0d418c83c12bf713d6b33cf449e57db4212ac3fc16ac6cb890dc8348e52b2652f10c3cb1608",
                "82008258204adbf72e3ccbeed8a21968597b1b6b23d69baace4ad21cce82d19e73ff34ff175840d6ce1ac5bc91840c835f802a8ce192a9a18f6ec4079895d8d2f8d79462f01157a6e76ec8c3e3d54e09b825a15946b173d2a4c3d4e9a06a8ad4f33c28b36a260d",
                "820082582068efd2735456667015322d8202fd6112d1cc6ef5bcd58a634788ba490df9ad8f584074efc5f6a1726e80751aac8110eca55e81662fd2e7037f6666c88bdc933c127a3d233752fe191591f54bb6f54c27545a0e8612a00d14caf0220cb4288df2a00c"
            ]
        },
        {
            "body": {
                "inputs": [
                    "03170a2e7597b7b7e3d84c05391d139a62b157e78786d8c082f29dcf4c111314#45",
                    "03170a2e7597b7b7e3d84c05391d139a62b157e78786d8c082f29dcf4c111314#69",
                    "03170a2e7597b7b7e3d84c05391d139a62b157e78786d8c082f29dcf4c111314#92",
                    "03170a2e7597b7b7e3d84c05391d139a62b157e78786d8c082f29dcf4c111314#98"
                ],
                "outputs": [
                    {
                        "address": "addr_test1qpj0qvq97m9nlvrx7xtxl3f6ufjz4g40hcrqn3vwk2sknhhy3sd3la9kt0cqqltg2uz46cvh58sjjfuvyy2t7jtlscdsht2j9h",
                        "value": {
                            "lovelace": 37769936
                        }
                    },
                    {
                        "address": "addr_test1qq5xtygwxdpzk4l7eevzsqypy6qdy76mvu57xe0h7y2244ycdcpl9m4f2f0v4xlyusth2m0t3fq3l0q9vpa6wrp5dq8qt7p7uq",
                        "value": {
                            "lovelace": 37769936
                        }
                    },
                    {
                        "address": "addr_test1qqvausk97rcq2uz4xjwsdyyqyyv09a9dwhfmre08dj6y6auelv9x0r2jqphdd9ur8l74mgrkqtgtg3dh0qns5gnjjhwq3pwlmz",
                        "value": {
                            "lovelace": 37769936
                        }
                    },
                    {
                        "address": "addr_test1xqy5vkqldcahl5t9jqz5vdemlyuerl5elp9tahgjnsalz0p7269r8anas23jz337j72lrwg07znnah38d9ypltrk47xqlz99q7",
                        "value": {
                            "lovelace": 37769936
                        }
                    },
                    {
                        "address": "addr_test1xzxghpz46kl2gv6llhqe5l5pl5kpq5xetttkqxc9vuanq2v8ne9r44905097903y7ntpr2tpqdgkwzv52p4cythtt78stdz4zq",
                        "value": {
                            "lovelace": 37769936
                        }
                    },
                    {
                        "address": "addr_test1qq6pzl56w6q096fr64wc9840mpec383jt4nxtlpjhfee3ncjjkqm3xeylmcghs9vtfps2n5u2yqwnlx77fcejyn63znsq32y05",
                        "value": {
                            "lovelace": 4
                        }
                    }
                ]
            },
            "id": "c82c005b7b87903a9484c006897b9af49cbf903aad4c8d580d1b56d9ac8218cb",
            "witnesses": [
                "8200825820960c5bc06cb30b8825b625892002d7e57570e424569d3f469769ec900f3b658e5840544fe5f1b9fb61d6775edde05f9341720bf04c257798bc5b0ead6b6939f4bdf81bcc3a66aaa91e7eaf5bc14ca425e6bb78fd370694280fe9db33ce85fdd2c101",
                "82008258204adbf72e3ccbeed8a21968597b1b6b23d69baace4ad21cce82d19e73ff34ff175840ae4eb3e460e82f9339bae0f44799af00c0bc355b167a77dadf2d3f9247295c7764abef67089722076660679fce2432c600a3ffe8b6f48ff40da7549b30026203",
                "820082582068efd2735456667015322d8202fd6112d1cc6ef5bcd58a634788ba490df9ad8f58401862f43ab84d25096ea02ee7e17ece1bcc500cbe3f5339811c1e934307cc24f1b8703d955310e3ac62fc7ae47ade3d2b8faf41b8f393f30abd6f63a39ff3ec05"
            ]
        }
    ],
    "seed": 696410021
}