{
    "samples": [
        {
            "tag": "Commit",
            "utxo": [
                -14,
                -10,
                -7,
                -5,
                4,
                23,
                26
            ]
        },
        {
            "tag": "GetUtxo"
        },
        {
            "tag": "Close"
        },
        {
            "tag": "GetUtxo"
        },
        {
            "tag": "Contest"
        }
    ],
    "seed": 1389026635
}