{
    "samples": [
        {
            "tag": "ShouldPostFanout"
        },
        {
            "message": {
                "peer": {
                    "hostname": "0.0.23.7",
                    "port": 15931
                },
                "tag": "Connected"
            },
            "tag": "NetworkEvent"
        },
        {
            "onChainTx": {
                "tag": "OnCollectComTx"
            },
            "tag": "OnChainEvent"
        },
        {
            "clientInput": {
                "tag": "NewTx",
                "transaction": {
                    "id": 9,
                    "inputs": [
                        -28,
                        -25,
                        -4,
                        -3,
                        -2,
                        0,
                        5,
                        6,
                        9,
                        12,
                        15,
                        20,
                        26
                    ],
                    "outputs": [
                        -27,
                        -26,
                        -22,
                        -18,
                        -16,
                        -13,
                        -11,
                        -5,
                        -4,
                        -3,
                        3,
                        5,
                        9,
                        11,
                        18,
                        21,
                        23
                    ]
                }
            },
            "tag": "ClientEvent"
        },
        {
            "clientInput": {
                "tag": "NewTx",
                "transaction": {
                    "id": 26,
                    "inputs": [
                        -27,
                        -25,
                        -24,
                        -14,
                        -13,
                        -5,
                        -3,
                        -2,
                        0,
                        2,
                        3,
                        4,
                        6,
                        8,
                        11,
                        13,
                        14,
                        20,
                        22,
                        27,
                        28,
                        29
                    ],
                    "outputs": [
                        -29,
                        -18,
                        -17,
                        -8,
                        -7,
                        -2,
                        -1,
                        5,
                        7,
                        10,
                        11,
                        14,
                        15,
                        18,
                        19,
                        24,
                        30
                    ]
                }
            },
            "tag": "ClientEvent"
        }
    ],
    "seed": 767506542
}