{
    "samples": [
        {
            "effect": {
                "contents": [
                    12.710351810646,
                    {
                        "tag": "ShouldPostFanout"
                    }
                ],
                "tag": "Delay"
            },
            "emitter": 9,
            "tag": "ProcessedEffect"
        },
        {
            "emitter": 1.8446744073709551597e19,
            "event": {
                "tag": "ShouldPostFanout"
            },
            "tag": "ProcessingEvent"
        },
        {
            "emitter": 7,
            "event": {
                "tag": "DoSnapshot"
            },
            "tag": "ProcessedEvent"
        },
        {
            "emitter": 0,
            "event": {
                "contents": {
                    "contents": [
                        1.8446744073709551595e19,
                        14,
                        [
                            {
                                "id": 25,
                                "inputs": [
                                    -25,
                                    -21,
                                    3,
                                    21,
                                    22,
                                    26,
                                    28
                                ],
                                "outputs": [
                                    -30,
                                    -26,
                                    -16,
                                    -14,
                                    -12,
                                    -11,
                                    4,
                                    8,
                                    13,
                                    20,
                                    22,
                                    24
                                ]
                            },
                            {
                                "id": -9,
                                "inputs": [
                                    -30,
                                    -29,
                                    -28,
                                    -27,
                                    -26,
                                    -23,
                                    -21,
                                    -17,
                                    -15,
                                    -14,
                                    -11,
                                    -4,
                                    -3,
                                    0,
                                    4,
                                    7,
                                    8,
                                    10,
                                    20,
                                    21,
                                    24,
                                    28
                                ],
                                "outputs": [
                                    -24,
                                    -23,
                                    -22,
                                    -16,
                                    -15,
                                    -14,
                                    -13,
                                    -11,
                                    -10,
                                    -9,
                                    1,
                                    5,
                                    10,
                                    12,
                                    19,
                                    23,
                                    30
                                ]
                            },
                            {
                                "id": -16,
                                "inputs": [
                                    -26,
                                    -24,
                                    -23,
                                    -20,
                                    -11,
                                    -8,
                                    -7,
                                    -6,
                                    4,
                                    8,
                                    18,
                                    24,
                                    27
                                ],
                                "outputs": [
                                    -24,
                                    -21,
                                    -17,
                                    -15,
                                    -11,
                                    -1,
                                    7,
                                    10,
                                    15,
                                    21,
                                    23,
                                    24,
                                    25
                                ]
                            },
                            {
                                "id": 9,
                                "inputs": [
                                    -23,
                                    -8,
                                    -6,
                                    -2,
                                    7,
                                    11
                                ],
                                "outputs": [
                                    2,
                                    7,
                                    9,
                                    20
                                ]
                            },
                            {
                                "id": 19,
                                "inputs": [
                                    -20,
                                    -12,
                                    -11,
                                    9,
                                    25
                                ],
                                "outputs": [
                                    -26,
                                    -23,
                                    -22,
                                    -21,
                                    -19,
                                    -18,
                                    -17,
                                    -14,
                                    -6,
                                    -5,
                                    -4,
                                    -2,
                                    1,
                                    6,
                                    9,
                                    12,
                                    18,
                                    21,
                                    23,
                                    29,
                                    30
                                ]
                            },
                            {
                                "id": -7,
                                "inputs": [
                                    -24,
                                    -20,
                                    -17,
                                    -12,
                                    -10,
                                    -6,
                                    -1,
                                    3,
                                    5,
                                    21,
                                    25
                                ],
                                "outputs": [
                                    -24,
                                    -20,
                                    -19,
                                    -8,
                                    -2,
                                    4,
                                    8,
                                    11,
                                    12,
                                    14,
                                    17,
                                    19,
                                    24
                                ]
                            },
                            {
                                "id": -28,
                                "inputs": [
                                    -28,
                                    -20,
                                    -17,
                                    -16,
                                    -9,
                                    -5,
                                    -2,
                                    0,
                                    4,
                                    6,
                                    11,
                                    16,
                                    20,
                                    24
                                ],
                                "outputs": [
                                    -27,
                                    -25,
                                    -23,
                                    -19,
                                    -11,
                                    -10,
                                    -6,
                                    -5,
                                    -2,
                                    16,
                                    21,
                                    26,
                                    28
                                ]
                            }
                        ]
                    ],
                    "tag": "ReqSn"
                },
                "tag": "NetworkEvent"
            },
            "reason": {
                "contents": [
                    {
                        "tag": "DoSnapshot"
                    },
                    {
                        "tag": "ReadyState"
                    }
                ],
                "tag": "InvalidEvent"
            },
            "tag": "ErrorHandlingEvent"
        },
        {
            "emitter": 16,
            "event": {
                "contents": {
                    "contestationPeriod": -8.319002729775,
                    "input": "init"
                },
                "tag": "ClientEvent"
            },
            "tag": "ProcessedEvent"
        }
    ],
    "seed": 966637359
}