{
    "samples": [
        {
            "party": {
                "vkey": "fffffffffffffff2"
            },
            "signed": "358a3f04e951e6cc1bece690dfe9bf8773",
            "snapshotNumber": 4,
            "tag": "AckSn"
        },
        {
            "peer": {
                "hostname": "0.0.62.101",
                "port": 9996
            },
            "tag": "Connected"
        },
        {
            "party": {
                "vkey": "000000000000000d"
            },
            "snapshotNumber": 9,
            "tag": "ReqSn",
            "transactions": [
                {
                    "id": -29,
                    "inputs": [
                        -30,
                        -25,
                        -22,
                        -18,
                        -14,
                        -13,
                        -7,
                        -5,
                        2,
                        8,
                        13,
                        14,
                        17,
                        18,
                        21,
                        23,
                        24,
                        28
                    ],
                    "outputs": [
                        -29,
                        -28,
                        -23,
                        -22,
                        -15,
                        -13,
                        -12,
                        -11,
                        -6,
                        -5,
                        -3,
                        -1,
                        0,
                        1,
                        2,
                        4,
                        6,
                        10,
                        13,
                        14,
                        16,
                        17,
                        18,
                        23,
                        27
                    ]
                },
                {
                    "id": 21,
                    "inputs": [
                        -26,
                        -24,
                        -23,
                        -20,
                        -18,
                        -17,
                        -14,
                        -13,
                        -5,
                        -1,
                        0,
                        1,
                        2,
                        3,
                        4,
                        5,
                        6,
                        10,
                        17,
                        18,
                        19,
                        20,
                        24,
                        26,
                        30
                    ],
                    "outputs": [
                        -30,
                        -28,
                        -27,
                        -25,
                        -20,
                        -15,
                        -13,
                        -8,
                        -7,
                        -6,
                        -5,
                        -3,
                        2,
                        7,
                        11,
                        12,
                        13,
                        17,
                        20,
                        22,
                        23,
                        24,
                        27,
                        28,
                        30
                    ]
                },
                {
                    "id": -3,
                    "inputs": [
                        -29,
                        -27,
                        -21,
                        -18,
                        -8,
                        -7,
                        1,
                        6,
                        9,
                        11,
                        12,
                        13,
                        15,
                        16,
                        18,
                        19,
                        20,
                        27,
                        30
                    ],
                    "outputs": [
                        -23,
                        -21,
                        -20,
                        -11,
                        -2,
                        6,
                        23,
                        27
                    ]
                },
                {
                    "id": 27,
                    "inputs": [
                        -18,
                        -17,
                        -13,
                        -11,
                        -9,
                        -2,
                        2,
                        3,
                        13,
                        20
                    ],
                    "outputs": [
                        -24,
                        -17,
                        -16,
                        -15,
                        -12,
                        -10,
                        -8,
                        -6,
                        11,
                        12
                    ]
                },
                {
                    "id": -7,
                    "inputs": [
                        -28,
                        -23,
                        -20,
                        -17,
                        -15,
                        -14,
                        -9,
                        -4,
                        2,
                        7,
                        13,
                        14,
                        16,
                        22,
                        23
                    ],
                    "outputs": [
                        -29,
                        -25,
                        -19,
                        -9,
                        -5,
                        3,
                        7,
                        8,
                        13,
                        20,
                        22,
                        23,
                        25,
                        30
                    ]
                },
                {
                    "id": -22,
                    "inputs": [
                        -29,
                        -24,
                        -23,
                        -19,
                        -16,
                        8,
                        15,
                        17,
                        22,
                        25,
                        29
                    ],
                    "outputs": [
                        -28,
                        -24,
                        -22,
                        -19,
                        -10,
                        -7,
                        -6,
                        -4,
                        1,
                        2,
                        10,
                        12,
                        17,
                        20,
                        24,
                        25,
                        28,
                        30
                    ]
                },
                {
                    "id": 2,
                    "inputs": [
                        -30,
                        -28,
                        -19,
                        -18,
                        -3,
                        -2,
                        -1,
                        1,
                        29
                    ],
                    "outputs": [
                        -29,
                        -18,
                        -12,
                        -11,
                        -4,
                        -1,
                        0,
                        1,
                        5,
                        9,
                        13,
                        17,
                        21,
                        30
                    ]
                },
                {
                    "id": -10,
                    "inputs": [
                        -29,
                        -28,
                        -27,
                        -24,
                        -21,
                        -19,
                        -18,
                        -12,
                        -10,
                        -6,
                        -5,
                        -4,
                        0,
                        6,
                        8,
                        9,
                        12,
                        16,
                        18,
                        24,
                        27
                    ],
                    "outputs": []
                },
                {
                    "id": -7,
                    "inputs": [
                        -27,
                        -19,
                        -4,
                        1,
                        2,
                        7,
                        11,
                        24,
                        28
                    ],
                    "outputs": [
                        -26,
                        -24,
                        -16,
                        -11,
                        -8,
                        -3,
                        0,
                        6,
                        11,
                        12,
                        13,
                        28
                    ]
                },
                {
                    "id": 25,
                    "inputs": [
                        -27,
                        -21,
                        -19,
                        -13,
                        -11,
                        -8,
                        -7,
                        -2,
                        6,
                        10,
                        11,
                        12,
                        13,
                        21,
                        27,
                        29
                    ],
                    "outputs": [
                        -26,
                        -24,
                        -23,
                        -20,
                        -18,
                        -17,
                        -15,
                        7,
                        11,
                        12,
                        13,
                        14,
                        22,
                        23,
                        30
                    ]
                }
            ]
        },
        {
            "peer": {
                "hostname": "0.0.53.169",
                "port": 20789
            },
            "tag": "Disconnected"
        },
        {
            "party": {
                "vkey": "0000000000000009"
            },
            "snapshotNumber": 21,
            "tag": "ReqSn",
            "transactions": [
                {
                    "id": -26,
                    "inputs": [
                        -30,
                        -28,
                        -20,
                        -18,
                        -16,
                        -13,
                        -11,
                        -7,
                        -6,
                        2,
                        8,
                        10,
                        11,
                        21,
                        22,
                        23,
                        24
                    ],
                    "outputs": [
                        -25,
                        0,
                        14,
                        16,
                        18,
                        24
                    ]
                },
                {
                    "id": 2,
                    "inputs": [
                        -29,
                        -28,
                        -25,
                        -22,
                        -19,
                        -16,
                        -14,
                        -13,
                        9,
                        10,
                        17,
                        20,
                        25,
                        29
                    ],
                    "outputs": [
                        -26,
                        -25,
                        -20,
                        -11,
                        -9,
                        -2,
                        0,
                        1,
                        2,
                        3,
                        6,
                        8,
                        10,
                        12,
                        21,
                        23,
                        30
                    ]
                },
                {
                    "id": -28,
                    "inputs": [
                        -10,
                        -7,
                        -5,
                        0,
                        16,
                        23,
                        27
                    ],
                    "outputs": [
                        -30,
                        -25,
                        -24,
                        -23,
                        -15,
                        -12,
                        -11,
                        -10,
                        -7,
                        -6,
                        -2,
                        0,
                        5,
                        12,
                        19,
                        21,
                        25,
                        27
                    ]
                },
                {
                    "id": 5,
                    "inputs": [
                        -7
                    ],
                    "outputs": []
                },
                {
                    "id": -26,
                    "inputs": [
                        -29,
                        -28,
                        -27,
                        -25,
                        -22,
                        -21,
                        -18,
                        -13,
                        -8,
                        -6,
                        -5,
                        -2,
                        6,
                        7,
                        9,
                        12,
                        21,
                        22,
                        24,
                        28,
                        29,
                        30
                    ],
                    "outputs": [
                        -24,
                        1,
                        26
                    ]
                },
                {
                    "id": 12,
                    "inputs": [
                        -29,
                        -26,
                        -25,
                        -20,
                        -19,
                        -17,
                        -16,
                        -13,
                        -12,
                        -11,
                        -10,
                        -8,
                        -5,
                        1,
                        6,
                        7,
                        8,
                        9,
                        10,
                        12,
                        15,
                        19,
                        21,
                        22,
                        25,
                        30
                    ],
                    "outputs": []
                },
                {
                    "id": 12,
                    "inputs": [
                        -27,
                        -18,
                        -9,
                        -2,
                        4,
                        10,
                        15,
                        21,
                        23
                    ],
                    "outputs": [
                        -16,
                        -5,
                        -4
                    ]
                },
                {
                    "id": -22,
                    "inputs": [
                        -29,
                        -28,
                        -26,
                        -24,
                        -22,
                        -20,
                        -19,
                        -18,
                        -14,
                        -12,
                        -3,
                        -2,
                        1,
                        4,
                        5,
                        6,
                        9,
                        10,
                        17,
                        19,
                        22,
                        25,
                        30
                    ],
                    "outputs": [
                        2
                    ]
                },
                {
                    "id": -17,
                    "inputs": [
                        -29,
                        0,
                        6,
                        20,
                        21
                    ],
                    "outputs": [
                        -27,
                        -26,
                        -22,
                        -20,
                        -18,
                        -13,
                        -2,
                        14,
                        26
                    ]
                },
                {
                    "id": 29,
                    "inputs": [
                        -24,
                        -20,
                        -5,
                        0,
                        6,
                        7,
                        12,
                        14,
                        15,
                        17,
                        19,
                        21,
                        24,
                        27
                    ],
                    "outputs": [
                        -23,
                        -10,
                        -6,
                        3,
                        16,
                        17,
                        27
                    ]
                },
                {
                    "id": 5,
                    "inputs": [
                        -26,
                        -24,
                        -23,
                        -18,
                        -2,
                        4,
                        7,
                        17,
                        19,
                        23,
                        26,
                        27,
                        28
                    ],
                    "outputs": [
                        -29,
                        -28,
                        -27,
                        -21,
                        -18,
                        -13,
                        -11,
                        -8,
                        -7,
                        -5,
                        -3,
                        -2,
                        4,
                        5,
                        7,
                        10,
                        12,
                        17,
                        18,
                        20,
                        21,
                        26,
                        28
                    ]
                },
                {
                    "id": 26,
                    "inputs": [
                        -26,
                        -22,
                        -7,
                        -5,
                        -4,
                        4,
                        5,
                        8,
                        9,
                        12,
                        13,
                        26,
                        27,
                        30
                    ],
                    "outputs": [
                        -26,
                        -23,
                        -18,
                        -17,
                        -16,
                        -10,
                        -8,
                        -7,
                        -5,
                        -4,
                        -3,
                        17,
                        20,
                        21,
                        25,
                        30
                    ]
                },
                {
                    "id": 4,
                    "inputs": [],
                    "outputs": [
                        -25,
                        -15,
                        -14,
                        0,
                        1,
                        19,
                        25,
                        29
                    ]
                },
                {
                    "id": -9,
                    "inputs": [
                        -26,
                        -19,
                        -18,
                        4,
                        12,
                        16,
                        17,
                        21,
                        23,
                        29,
                        30
                    ],
                    "outputs": [
                        -17,
                        7,
                        17,
                        18
                    ]
                },
                {
                    "id": 19,
                    "inputs": [
                        -30,
                        -8,
                        -7,
                        -3,
                        4,
                        16,
                        23
                    ],
                    "outputs": [
                        -16,
                        -1,
                        11,
                        18,
                        24
                    ]
                },
                {
                    "id": 11,
                    "inputs": [
                        -29,
                        -28,
                        -21,
                        -20,
                        -18,
                        -16,
                        -10,
                        -9,
                        -8,
                        -4,
                        -3,
                        -1,
                        0,
                        2,
                        4,
                        6,
                        7,
                        10,
                        11,
                        16,
                        23,
                        24,
                        29
                    ],
                    "outputs": [
                        -25,
                        -23,
                        -22,
                        -21,
                        -11,
                        -9,
                        3,
                        7,
                        12,
                        13,
                        19,
                        20,
                        23,
                        24
                    ]
                },
                {
                    "id": -16,
                    "inputs": [
                        -28,
                        -12,
                        -11,
                        10,
                        16,
                        27,
                        29
                    ],
                    "outputs": [
                        -23,
                        -20,
                        -19,
                        -15,
                        -14,
                        -12,
                        -3,
                        4,
                        5,
                        6,
                        9,
                        16,
                        17,
                        18,
                        25,
                        30
                    ]
                },
                {
                    "id": -12,
                    "inputs": [
                        -30,
                        -23,
                        -20,
                        -14,
                        -13,
                        -11,
                        -8,
                        -5,
                        -2,
                        2,
                        3,
                        4,
                        16,
                        20,
                        21,
                        27
                    ],
                    "outputs": [
                        -23,
                        -21,
                        -19,
                        -13,
                        -9,
                        -7,
                        -4,
                        3,
                        9,
                        13,
                        14,
                        22,
                        27,
                        28,
                        29
                    ]
                },
                {
                    "id": 3,
                    "inputs": [
                        -13,
                        -5,
                        15,
                        20,
                        23,
                        25,
                        26,
                        27
                    ],
                    "outputs": [
                        -23,
                        10
                    ]
                },
                {
                    "id": 12,
                    "inputs": [
                        -19,
                        -18,
                        -17,
                        -16,
                        -12,
                        -11,
                        -9,
                        -3,
                        2,
                        14,
                        18,
                        20,
                        24
                    ],
                    "outputs": [
                        -30,
                        -27,
                        -24,
                        -23,
                        -20,
                        -19,
                        -18,
                        -13,
                        -12,
                        -11,
                        -8,
                        -2,
                        10,
                        13,
                        14,
                        17,
                        18,
                        21,
                        25,
                        26
                    ]
                },
                {
                    "id": 6,
                    "inputs": [
                        -26,
                        -23,
                        -18,
                        -17,
                        -15,
                        -12,
                        -8,
                        -5,
                        -3,
                        1,
                        2,
                        5,
                        8,
                        9,
                        12,
                        14,
                        18,
                        20,
                        23,
                        24,
                        25,
                        28,
                        29
                    ],
                    "outputs": [
                        -25,
                        -24,
                        -23,
                        -14,
                        -13,
                        -12,
                        -10,
                        -2,
                        4,
                        8,
                        9,
                        11,
                        12,
                        15,
                        16,
                        23,
                        24,
                        26,
                        29
                    ]
                },
                {
                    "id": 21,
                    "inputs": [
                        -30,
                        -29,
                        -12,
                        -8,
                        1,
                        6,
                        12,
                        22,
                        28
                    ],
                    "outputs": [
                        -29,
                        -28,
                        -27,
                        -26,
                        -18,
                        -16,
                        -15,
                        -11,
                        -10,
                        -9,
                        -4,
                        -1,
                        5,
                        7,
                        9,
                        11,
                        14,
                        16,
                        17,
                        18,
                        25,
                        27,
                        28
                    ]
                }
            ]
        }
    ],
    "seed": 1304372947
}