{
    "samples": [
        {
            "vkey": "f04076e379105e99c43be37f6f92d0e02e1679a17eebcbbe9e40f84dc47f7f55"
        },
        {
            "vkey": "83b9c1c6a37c0f6d7f2ca6e11a34896ffff85d636a9015db0ecb3bbc63554990"
        },
        {
            "vkey": "3ea36212e4115e8a21bb258470f01c480e4c43730ab0600d9c69de50623e8875"
        },
        {
            "vkey": "63337563fdadcd4ad36a81c2ec2d507bbe2562bcf8a231f548cd11f992d27c55"
        },
        {
            "vkey": "ef66202dd53fe58fcb338db61f2dac08786f385e44e20a0161c5b5d0dc1b848f"
        }
    ],
    "seed": -277274754
}