{
    "samples": [
        {
            "parties": [],
            "tag": "ReadyToCommit"
        },
        {
            "tag": "Utxo",
            "utxo": []
        },
        {
            "tag": "TxSeen",
            "transaction": {
                "id": 20,
                "inputs": [
                    -29,
                    -26,
                    -23,
                    -22,
                    -21,
                    -19,
                    -18,
                    -16,
                    -15,
                    -13,
                    -6,
                    1,
                    4,
                    5,
                    8,
                    9,
                    10,
                    11,
                    15,
                    27
                ],
                "outputs": [
                    -24,
                    -23,
                    -22,
                    -13,
                    -5,
                    21
                ]
            }
        },
        {
            "tag": "Utxo",
            "utxo": [
                -16,
                -10,
                -7,
                -3,
                12,
                21
            ]
        },
        {
            "party": 20,
            "tag": "Committed",
            "utxo": [
                -30,
                -28,
                -23,
                -20,
                -17,
                -16,
                -15,
                -14,
                -4,
                -2,
                -1,
                0,
                2,
                10,
                16,
                21
            ]
        }
    ],
    "seed": 939843900
}