{
    "samples": [
        {
            "body": {
                "collateral": [
                    "6487fa2e6f0e85ef6e887931381057146060bfd2ed7324f7829c369c3628dc16#11"
                ],
                "fees": 0,
                "inputs": [
                    "6487fa2e6f0e85ef6e887931381057146060bfd2ed7324f7829c369c3628dc16#11",
                    "6487fa2e6f0e85ef6e887931381057146060bfd2ed7324f7829c369c3628dc16#31",
                    "6487fa2e6f0e85ef6e887931381057146060bfd2ed7324f7829c369c3628dc16#56"
                ],
                "networkId": "Testnet",
                "outputs": [
                    {
                        "address": "addr_test1qq3q79mrnk2lx49mhtrkc2t0ekggas3muk36r0yx0ch3epxazse9af7yn90jdlesgsazajwkqt3ynerwtdkfz7s3ljqspsguzt",
                        "value": {
                            "lovelace": 27223356
                        }
                    },
                    {
                        "address": "addr_test1qz6f4qtm4fq6cjftxyzdc0wga0xdzrh7w3r9y6q50qr0gxn44s9qs7c7qfgf7kd22lrysq9rjdfx9kslr3ykxcwjxscq4jchqr",
                        "value": {
                            "lovelace": 27223356
                        }
                    },
                    {
                        "address": "addr_test1qzy226gkrmwzl2xvc0jfpugg608cwuryc7ukdw3nyahv0zpjzgk7eqjvd9gpnzz4cuqeuty2zcezx042gy6zs0vdxfksekgle6",
                        "value": {
                            "lovelace": 27223356
                        }
                    },
                    {
                        "address": "addr_test1xzk556yx7qr63g97gshunetexnfckz2jvwea22ugfslnhyqddryskq2kw2t99ahrpmkdr8q82kx9c2s2y2jxaz9ved8sepah3s",
                        "datumhash": "fadd2180bd6b1cfa73a67e7892d878521ef69918995040fb8661647d321e0c55",
                        "value": {
                            "lovelace": 27223356
                        }
                    },
                    {
                        "address": "addr_test1xqr8tf8tm9gnjn3axx5cqznzgy7gfjjsnptcnrqefw4tntld8auxh29u4cz5qjuzxjur4f3q9l69mu4fxp0j49alhj0sl597hr",
                        "value": {
                            "lovelace": 27223356
                        }
                    },
                    {
                        "address": "addr_test1qpr0xvtalz82rsqzt7wr8aeykat74pw5wjtxaec93v6dphjzlxa9x5qu230un60jz65kemwpxudgma5pzmagyzcp2qasn664ra",
                        "value": {
                            "lovelace": 58397321
                        }
                    }
                ],
                "validity": {
                    "notAfter": 2,
                    "notBefore": 1
                }
            },
            "isValid": true,
            "witnesses": {
                "keys": [
                    "8200825820314066c05a7fdd422f17cdec6a4bc2f6b6af19deaba3b4f52bf4acb15f04d4ec584093506ebf3a92554067d7aae928d4319f6f08694186b09589a6902b0cafc93023de51324f7f7e79bfc21d8a1b2608b3347424b80073c7c2e073bb0e98c1c00309"
                ],
                "scripts": {
                    "53d1703042bf2a144f9386c2b11228369c3284a96ca2edc1021966b2": "820083030383820282820418ad820518ad82028282041879820518798202828204188882051888",
                    "611108c3fcda9479e937f07b730cba770814ccf9e9c155793942eba4": "8200830301838202828204187982051879820282820418ad820518ad8202828204188882051888"
                }
            }
        },
        {
            "body": {
                "collateral": [
                    "642206314f534b29ad297d82440a5f9f210e30ca5ced805a587ca402de927342#6",
                    "642206314f534b29ad297d82440a5f9f210e30ca5ced805a587ca402de927342#8",
                    "642206314f534b29ad297d82440a5f9f210e30ca5ced805a587ca402de927342#69"
                ],
                "fees": 0,
                "inputs": [
                    "642206314f534b29ad297d82440a5f9f210e30ca5ced805a587ca402de927342#6",
                    "642206314f534b29ad297d82440a5f9f210e30ca5ced805a587ca402de927342#8",
                    "642206314f534b29ad297d82440a5f9f210e30ca5ced805a587ca402de927342#69",
                    "642206314f534b29ad297d82440a5f9f210e30ca5ced805a587ca402de927342#133",
                    "642206314f534b29ad297d82440a5f9f210e30ca5ced805a587ca402de927342#144",
                    "642206314f534b29ad297d82440a5f9f210e30ca5ced805a587ca402de927342#150"
                ],
                "outputs": [
                    {
                        "address": "addr_test1qryc674js99w50kjf30heds8eqqe0vre3d8487swgrmd7q5a8uwp3k06h9vg32z7lrnzjvpey9eymx7zq8atvz755sjqcguqss",
                        "value": {
                            "lovelace": 59126115
                        }
                    },
                    {
                        "address": "addr_test1qq8jz4d6686j8anghkl5wagtejd99lmelxkdsy8lsjjwxgl6203s6xj4nkgqjf64c7dfgv54r3zdveppkugsvk856lrskgj27p",
                        "value": {
                            "lovelace": 59126115
                        }
                    },
                    {
                        "address": "addr_test1qrl7vm75qchzhpdnkm3sa4ul9scyh62793hhkhug5r7k954yazu5lnw07kjruy8qs5zy2klafs7rlx2hkytjpueehryszy3uv6",
                        "value": {
                            "lovelace": 59126115
                        }
                    },
                    {
                        "address": "addr_test1xzuv9yv9q9tmnwvzv76es474trpavuv6mkl29srrgcnmd3vlu3pax3d8krhpptyaltkuzz0706duv9zcncgn4ejcenws87aa38",
                        "value": {
                            "lovelace": 59126115
                        }
                    },
                    {
                        "address": "addr_test1qqlx8k3t93mjyhahg8yc033enqu7a0arvwdsrqlec7ry4k3e5crq6mn7hp5z37aeje8dyqxdrdljvvzhrp4mxf4mn0lste0whe",
                        "value": {
                            "lovelace": 38123791
                        }
                    }
                ],
                "validity": {
                    "notAfter": 2,
                    "notBefore": 1
                }
            },
            "isValid": true,
            "witnesses": {
                "keys": [
                    "820082582065757ac74ed2f027646361d8d215def35e22a956b07c94ba3b1ee98893aa5ca958402146b24a0a5db91854e8e13dd1c00510419480d97a5790a633b9d8c65f17dce590b0ef552971fd14e045d84353cee2968a3e452340b0c68f1d50fab3858b5504",
                    "820082582080c7f59ea925f2ffe59f5f105388b2f4956d9d5614d45a266d4c17ab07acccc95840e2dd7d63f21b2744e9e4b26f404f9a9744e40b69d55f8148f60dbb5c51af27f977e5740c93cc93b0d4eacaf7864a56cfedffb58e0973b916f4e9b897d59e1704",
                    "8200825820579bec79ee0203b7d63b73982bdfe632a5fe8b974b1fbef5b58eefbb42c4e4d35840445d78d372bccfe223527a481aa3bfcb80c75c4ab2c0ce6a1e9711d5bf61ac24a897765dfd901e40a0d4be31d6377ba7b89db5acd01995f6b76358907dc9400b"
                ],
                "scripts": {
                    "086e81c7266505cf7f9ad46a916c2c07544fc354501a17ba0a339fa2": "82008202828204189982051899",
                    "90f3c793ac6d5119e203b5b49ca50ee8b58899e26c776a669d57dedc": "82008202838202828204187982051879820282820418ad820518ad8202828204188882051888",
                    "d4f43a569f9b47c28ddf148db9609ff3ceb6150ff3bf2de56d8f5696": "82008303018382028282041888820518888202828204187982051879820282820418ad820518ad"
                }
            }
        },
        {
            "body": {
                "collateral": [
                    "44e9e1dfd31e4c8c8e05d6db76912790ae9b2f989463f59f709cdd3df7393675#15"
                ],
                "fees": 0,
                "inputs": [
                    "44e9e1dfd31e4c8c8e05d6db76912790ae9b2f989463f59f709cdd3df7393675#15",
                    "44e9e1dfd31e4c8c8e05d6db76912790ae9b2f989463f59f709cdd3df7393675#26",
                    "44e9e1dfd31e4c8c8e05d6db76912790ae9b2f989463f59f709cdd3df7393675#31",
                    "44e9e1dfd31e4c8c8e05d6db76912790ae9b2f989463f59f709cdd3df7393675#46"
                ],
                "outputs": [
                    {
                        "address": "addr_test1qrq8g7memukjmcdwf65jrqdw8mvjcvdwxxt465mxan0xxtk4vxnaqkvytsm4e9tkcrxscd5xf4dy4h59r50cje4m2uvqxxtyv5",
                        "value": {
                            "lovelace": 27074373
                        }
                    },
                    {
                        "address": "addr_test1qp05qx30ddfhyxn8trnyw686329xglm3lhpdhu0crde4qr3lmh2djl78mtkcuaj2mww0wzlq5jamg6cfhgv7wkf2kp9qclwj9e",
                        "value": {
                            "lovelace": 27074373
                        }
                    },
                    {
                        "address": "addr_test1qpq4yseq9lscwv53q2gvkrhc5fq5j5eygdq06tdc2dhwg8l6egn88naqetjanpnm3ysfcg5k2fyk76ngch4jx0ek4rgsdk3dj4",
                        "value": {
                            "lovelace": 27074373
                        }
                    },
                    {
                        "address": "addr_test1qr3kk5w7wz4h9y76h9zcem8a03hrtqh0s0ly3dudln5xhruxjhu4z0s7wxj4u67u0djlz8a92kxnjpvacqglmtwrh7nqvsx3mw",
                        "value": {
                            "lovelace": 27074373
                        }
                    },
                    {
                        "address": "addr_test1qzd5rav4g8z6w58e20a7n5rwc84pwu78z33x4j956f5gl9gt4ea09g5mrcq6nm076jksgeqpqtlydzt8zfanr3fd4wvq0ulfwg",
                        "value": {
                            "lovelace": 27074373
                        }
                    },
                    {
                        "address": "addr_test1xz4f6nfgryhqt3yn5jt8xcjrpht38pqta4yzlzdfln065fzqps5mx757ccggpy0u9k5jamxg60z0ww2jyuzv40sw0suqmh674u",
                        "value": {
                            "lovelace": 27074373
                        }
                    },
                    {
                        "address": "addr_test1qrhqewppnx7fjtk5afaeeedua3lh95u27j825n0uspgcgnqklhtknj6pjjpw9v9llx9r53znsnksenxtduh7dspkuy2ql3k056",
                        "value": {
                            "lovelace": 71501891
                        }
                    }
                ],
                "validity": {
                    "notAfter": 2,
                    "notBefore": 1
                }
            },
            "isValid": true,
            "witnesses": {
                "keys": [
                    "820082582089ff4f3ff4a6052ec9d073b3be68b5e7596bd74a04e7b74504a8302fb2278cd958408ffd8ce9cb980ec009bdc537ed6500dac83b2ea99a63cfe3ebda08cf2bc665a2788ded60f0d34ca6daa2c92df84cad8a07e8c16f1f44800c8374dfc339440806"
                ],
                "scripts": {
                    "5c64ba727388ed81b211eb190bc9a13b44e382f049c9097407cb6d84": "820082028382028282041879820518798202828204188882051888820282820418ad820518ad",
                    "8cb1f3ed70f3ab79e176c0add067d81a50362a366c7369825fa93ae0": "82008202838202828204188882051888820282820418ad820518ad8202828204187982051879",
                    "aa9d4d28192e05c493a4967362430dd713840bed482f89a9fcdfaa24": "82008303038382028282041888820518888202828204187982051879820282820418ad820518ad"
                }
            }
        },
        {
            "body": {
                "collateral": [
                    "31237cdb79ae1dfa7ffb87cde7ea8a80352d300ee5ac758a6cddd19d671925ec#0",
                    "31237cdb79ae1dfa7ffb87cde7ea8a80352d300ee5ac758a6cddd19d671925ec#39"
                ],
                "fees": 0,
                "inputs": [
                    "31237cdb79ae1dfa7ffb87cde7ea8a80352d300ee5ac758a6cddd19d671925ec#0",
                    "31237cdb79ae1dfa7ffb87cde7ea8a80352d300ee5ac758a6cddd19d671925ec#39"
                ],
                "outputs": [
                    {
                        "address": "addr_test1qzu6ed94dqkak6vq7fr3h0gn5dm9u4xhn6l5vstus59xp8p34el7t39xjh9vcepjvummuj6rtg0y7f4n2k3jl634ezhshha6q3",
                        "value": {
                            "lovelace": 21292622
                        }
                    },
                    {
                        "address": "addr_test1qqgczryt0pyu02lrpa25nrxj9xggvkkkzacpqvsukuuzfqcrfj352fr8gxqm8arm3strscjj670r0j5wus40wd4euvcsgx24s5",
                        "value": {
                            "lovelace": 26113855
                        }
                    }
                ],
                "validity": {
                    "notAfter": 2,
                    "notBefore": 1
                }
            },
            "isValid": true,
            "witnesses": {
                "keys": [
                    "82008258209b82cb45a7fc7b0999c2172b8cfde299f650c1016b1f099e0c3c8d0d5369fde6584094571aa8bbd7cc257967312f6eeffd0da55bf60da9397ad4148e9d1591afd8fe3b8482ef4ba949e7f5ba2af130c4ddf56032b96e333548466dc3102028fff10f",
                    "820082582089ff4f3ff4a6052ec9d073b3be68b5e7596bd74a04e7b74504a8302fb2278cd958404238e94330c8b948d06af1a98483762a44f2cbffd7c2b917c09b6ff8fd87fbf1c484527a378a47c9a8c9e36694c0a7c8e48913d87746691991f10122095ce70e"
                ]
            }
        },
        {
            "body": {
                "collateral": [
                    "6853c14f4aadce73a3146bf2f7ce551b45b15a10d34526d3c62ee93848f52d64#6"
                ],
                "fees": 0,
                "inputs": [
                    "6853c14f4aadce73a3146bf2f7ce551b45b15a10d34526d3c62ee93848f52d64#6",
                    "6853c14f4aadce73a3146bf2f7ce551b45b15a10d34526d3c62ee93848f52d64#65"
                ],
                "networkId": "Testnet",
                "outputs": [
                    {
                        "address": "addr_test1qrau559y73ncjaeuhyqzjnf3xnqeggm6dtvvam6almc393hygj3f9t8dcp2047cf4tra5dyd4ukqrcnn8qgm9v69ejnsljx74c",
                        "value": {
                            "lovelace": 22820358
                        }
                    },
                    {
                        "address": "addr_test1qzzdm3uyvzgutwzkqfv23d92gkksgt03ywknqqcxdg6r830dtlu6gds4r96mejvaa93439tl0rhrwj0vp4kujxuprhuqszkmcs",
                        "value": {
                            "lovelace": 22820358
                        }
                    },
                    {
                        "address": "addr_test1xrxf630edyvygyf4wwxgmsyf337f47p9l5k32njcttf9eshse7lnxy0lzsu5qdwwkx738c00pcpdjmxfgxd0tx99agwsl5kgry",
                        "value": {
                            "lovelace": 22820358
                        }
                    },
                    {
                        "address": "addr_test1qz2astj70frryfu98r3p9e258wkp6k5r93dy20jry246r8x6h08zrhknr8my8nylfxm6k9f96u7e840090l6t2szacyqyaxevf",
                        "value": {
                            "lovelace": 45626073
                        }
                    }
                ],
                "validity": {
                    "notAfter": 2,
                    "notBefore": 1
                }
            },
            "isValid": true,
            "witnesses": {
                "keys": [
                    "82008258208c470bb26c86cbdf423645340239349c0351c606d6ee7a1005ecfc33e32cd5ee584082ae4661a118484e494842383bcb86be938ef4b3a83f67e1da7e996802ca817c14c23f4bad97ab23000ffee10220214ca43ec646b5f805dd8c3bd63032fa3f01"
                ],
                "scripts": {
                    "b8c291850157b9b98267b59857d558c3d6719addbea2c0634627b6c5": "82008303038382028282041879820518798202828204188882051888820282820418ad820518ad"
                }
            }
        }
    ],
    "seed": -1394103691
}