{
    "samples": [
        {
            "4a06eca1b437c7904cc3ce#440": {
                "address": "31dcb9be2f604e5df9a87ff679a2f3e71d",
                "value": {
                    "lovelace": 222160
                }
            },
            "4a13c8ffd977013703a701#664": {
                "address": "82d818584d83581ca8fc158b8cd9b6ac6c22d281ea9d44de69a74d20aa1197f5d650a64fa20158225820a38eca9de4a86580c9fbbabe349b04d9eb7db6f2521aebfcaee37bb6bf1cc4d902451af480648a021ac627ac14",
                "value": {
                    "lovelace": 639103
                }
            },
            "4a13c8ffd977013703a701#933": {
                "address": "82d818584d83581c4635f6b567044dac29e29fdc78565e08f519ed2cd092d76e7afbc6afa20158225820796f646c6977616a6b636e696363727a636a727866706173776561657268786702451ac7e323e1021a463ede27",
                "value": {
                    "lovelace": 6035302
                }
            },
            "4a336d5ebc5436534e61d1#229": {
                "address": "82d818584683581cb0fbc13090d352b46a01e53eb3c9724efc5f398cf7384a60bc83de16a101582258207170706464796b6a71736a76696c6c7479647074626264736869657878766e62001a39434d87",
                "value": {
                    "lovelace": 13163240
                }
            },
            "4a474491db621d09c428cf#817": {
                "address": "82d818584d83581c10ad5a221facc715db10bdd82cb8ccdfcb5d14d9d983f22b37928183a20158225820519581384fd02bb18639624f7d029a23bfa9787fa4a499158878ce8406fa2e3a02451aa90a99dd021a10b55b84",
                "value": {
                    "lovelace": 7398986
                }
            },
            "4a4dedb2240a1e0f038dcd#905": {
                "address": "82d818584d83581c2e800543258f64421ec24d461e7f04ba897b461434e856ceb24a167ba201582258206962727861796167686d7472776d7a767469646661727066617067766168756202451a731a8abc001af498e784",
                "value": {
                    "lovelace": 7323477
                }
            },
            "4abf6d6c819ec975b043ae#814": {
                "address": "3126b17225b626fb92e2ba905bf306f46f",
                "value": {
                    "lovelace": 1782892
                }
            },
            "4ac81e728d9d4c2f636f06#746": {
                "address": "82d818584683581c053e60706912c5820258f39e401f7274eca8b414739f8abcc03fc49aa10158225820a022f0ace8e0c98e397d04284403bbf5e5b86126237ffa0f600f7a044d7c0c70001a8d4ad7dd",
                "value": {
                    "lovelace": 4272491
                }
            },
            "4ae2ba905bf306f46faca2#133": {
                "address": "41d838691e5d4ad06881c91e86e8d84783c2dc39",
                "value": {
                    "lovelace": 5986519
                }
            },
            "4ae4da3b7fbbce2345d777#454": {
                "address": "41e2ba905bf306f46f81977282bdb57687929c34",
                "value": {
                    "lovelace": 15371942
                }
            }
        },
        {
            "4a06eca1b437c7904cc3ce#380": {
                "address": "115058f1af8388633feccbc87e4b5ce2fe",
                "value": {
                    "lovelace": 10324924
                }
            },
            "4a13c8ffd977013703a701#252": {
                "address": "82d818584d83581c28835caa7a73aa10b287ecbfc0c787886bdf3551e956836639d2fc03a20158225820a2d9006f984cda6c174a60e363ab3106289ff06fdf41919b53862c7f5bbd44c202451aea4b2ec5001acbd4dd3c",
                "value": {
                    "lovelace": 483456
                }
            },
            "4a336d5ebc5436534e61d1#860": {
                "address": "603389dae361af79b0",
                "value": {
                    "lovelace": 9076480
                }
            },
            "4a47ed733b8d10be225ece#740": {
                "address": "82d818584d83581c798faf36a393dfac9a2214648eee09b63b2fb6f25cde07d42f326943a2015822582090a680a72a8cb8794b4ba2792fdbbad201da775439faec1249f0faf056bcacf202451a94c3a395001a05cf0309",
                "value": {
                    "lovelace": 2267967
                }
            },
            "4a6666cd76f96956469e7b#615": {
                "address": "82d818584d83581c60f64de094f0a59573cb0f1cce95f90996cd0a8f75163a60297cc435a2015822582068ad87fd51a072d9fd5c239b3d51ed8ef948ddac5b423bca301ce529f3d0a3ef02451a507f7998001a4f1d2fdb",
                "value": {
                    "lovelace": 1087114
                }
            },
            "4a68b329da9893e34099c7#301": {
                "address": "82d818584683581c77d5439d66638f56c941ec5f43b15c12ded2e0cbe97aeccb8b903efca10158225820b8f22fd6e45cc129d0397170df2a857410d7344c10f06e1add31f1e2fac0cf19001a57442380",
                "value": {
                    "lovelace": 16756165
                }
            },
            "4a6cff047854f19ac2aa52#87": {
                "address": "82d818584d83581c2bc38462068cb216f9f254bb0d9819fd6611cbe553efb30270ec71e4a20158225820f5dd79b802905620a7fe64bdf7ddb631a1266689a2cb6f980bc08bc0864878c902451a87bdd448001a2298d57f",
                "value": {
                    "lovelace": 2977147
                }
            },
            "4a84c40473414caf2ed4a7#298": {
                "address": "82d818584683581cb2b9809bb638cc904d37bf06ac3868235dbed23bca667e32153a7f53a101582258206d07cff78210c51db9a9df2941e33432d8f690681567d6c39981cd6accc070d3021a36c329c8",
                "value": {
                    "lovelace": 3503492
                }
            },
            "4a84c40473414caf2ed4a7#405": {
                "address": "50bf6f175c8773ad2f81c02e86dd9d27838c946d",
                "value": {
                    "lovelace": 800526
                }
            },
            "4a8bb6c17838643f9691cc#246": {
                "address": "82d818584683581cbaf8e84db2d704fdf1a37b07df86d8b86989d0a6766221c201ed8d42a101582258206973696c6a6c647165717768726d7265616966617066656b7774706f736e7871021a551e6bf0",
                "value": {
                    "lovelace": 7661672
                }
            },
            "4a9033e0e305f247c0c3c8#829": {
                "address": "82d818582183581c9fabd63a06044e93aab0fb5f9f1d42e136b55c66e6129a6052de7537a0001a3f1f58db",
                "value": {
                    "lovelace": 9533163
                }
            },
            "4a9033e0e305f247c0c3c8#845": {
                "address": "50dcb9be2f604e5df985923a839dcc1787b8a733",
                "value": {
                    "lovelace": 7962949
                }
            },
            "4a9371d7a2e3ae86a00aab#464": {
                "address": "609371d7a2e3ae86a0",
                "value": {
                    "lovelace": 8067750
                }
            },
            "4ab15835f133ff2e27c7cb#268": {
                "address": "82d818584d83581c76548e6fbf8251a733169e0732e1c55128424b6cc994e4c0293db271a201582258200b0825b4c702bbd6c7baf37f99e783d6c3b601bc563fd934bd318255fa0cb93102451a020cf676021a97c06432",
                "value": {
                    "lovelace": 10101500
                }
            },
            "4ab15835f133ff2e27c7cb#269": {
                "address": "82d818584683581c5692162409dfeab98b2a94323160d950cc8de94b01819dfbf23edacba1015822582086dfd69fb91b082b538cd612343181444a94bde305a4ebfc0bfcc8dd55735557021a23df7ece",
                "value": {
                    "lovelace": 14902137
                }
            },
            "4ab47423517254fcb84dc0#624": {
                "address": "6155a54008ad1ba589",
                "value": {
                    "lovelace": 8975690
                }
            },
            "4abb48ffbf89468592600f#351": {
                "address": "82d818584683581cb666682a486a9ed30f9e67cccd0da46f284d21c4d16a1a125c6fdd91a101582258206270757774736d726b75626969726278796d6a6d7275716e6e6b676a6b6a6e76021a4144f901",
                "value": {
                    "lovelace": 2008821
                }
            },
            "4abb48ffbf89468592600f#542": {
                "address": "82d818584d83581c90e01376de82d3ab3205bd1b1f3ffc761438d557df49e8920ed0c417a20158225820b316c0152abb31b7a3f4a2ba43e4f562c91785c9f3efc52ebdb3629490a43ee002451aacf764bb021ab8241f6a",
                "value": {
                    "lovelace": 12739833
                }
            },
            "4abf6d6c819ec975b043ae#930": {
                "address": "82d818584d83581c183e129926dc3f7102abf407246e31bc5b0bb02efcee1a544d3f5ed9a201582258207a78786a6d6d6d767563786a736566647376636862626269646c71637a74626402451a855da70e001a91289d97",
                "value": {
                    "lovelace": 10158370
                }
            },
            "4ac81e728d9d4c2f636f06#663": {
                "address": "82d818584d83581cdc7a91cb60bf18f7a365ff0552fc769b7ebc3ed40d2a668db10c7d0ba201582258207a6a64616e7762776b676e6a67696b6561636e6a75737362786965716166776202451a1148571c021a00a8a28a",
                "value": {
                    "lovelace": 10357901
                }
            },
            "4ad2e53153398452a7c385#647": {
                "address": "82d818584683581cea1b0564dded0e58f754dcd63f48f18c431cf47077ccb0029290e747a10158225820777975657177646878686f637873776d6d76736b62667a6a6a76646461706963001adbeecf21",
                "value": {
                    "lovelace": 3332064
                }
            },
            "4ad838691e5d4ad06879ca#55": {
                "address": "82d818582183581cd3e5c72bce8d3740c0e8f9d5fbc313a4ed88dd3eb4b6a268ee7c6f8ca0021acb6daa72",
                "value": {
                    "lovelace": 3358739
                }
            },
            "4aec7f7e7bb43742ce8681#344": {
                "address": "3026b17225b626fb92d838691e5d4ad068",
                "value": {
                    "lovelace": 15941315
                }
            },
            "4aeccbc87e4b5ce2fe2830#827": {
                "address": "31e2ba905bf306f46fe472fc310dea5992",
                "value": {
                    "lovelace": 14226570
                }
            },
            "4affe51d3e7d8297237588#245": {
                "address": "82d818584d83581c0f3e67125c7060d1a0b28479d356800da180fe03caa9c2f0b8108548a20158225820716d776f62616c67667167686770616a6e7264666671706f6661746d73686f7802451acffe7aac001af3254ef1",
                "value": {
                    "lovelace": 14695202
                }
            },
            "4affe51d3e7d8297237588#56": {
                "address": "82d818584d83581c8fd1a847842d34045e0bf14e6977159a1599e8e18282dc99199800b2a201582258207868766b616562746375777878766e6e707a6e6b76627a7a77736f72736b6e6202451abd8f97bd001add90ac12",
                "value": {
                    "lovelace": 2079744
                }
            },
            "4affe51d3e7d8297237588#927": {
                "address": "82d818584d83581c5b8081fff627e4de0643827d7e0474d9d13558f5298bd88adc269db2a20158225820dfddcbad18c90b84f06cf05e4cc8b7b08959a9829f1a85196d4566e48c3831fe02451a344266c9001a71203511",
                "value": {
                    "lovelace": 8296286
                }
            }
        },
        {
            "4a336d5ebc5436534e61d1#482": {
                "address": "82d818584d83581c068975918440d1d3669ddeeb8c555bb826a48eaed7bc361617b4450aa2015822582069daea09a9a8616219afa01276b1d5086dab7dfecf23ad88c915b7909fa5ea3c02451a4da7f2a7021a0c980fa2",
                "value": {
                    "lovelace": 13018416
                }
            },
            "4a3389dae361af79b04c9c#208": {
                "address": "50bf6d6c819ec975b0839a1586b9b05d84fbc77f",
                "value": {
                    "lovelace": 653581
                }
            },
            "4a4dedb2240a1e0f038dcd#500": {
                "address": "82d818584d83581c5dcc23e6661696b153055b1aaac9be3dbd111c0879217ef07a88bafea20158225820656573686d6e786e696f6a64637377666d6c74776b7378706d76687473766c6b02451ae2814458001a41ba6424",
                "value": {
                    "lovelace": 1599870
                }
            },
            "4a58c89562f58fd276f592#743": {
                "address": "82d818584683581cc3887fc6364277440fe387e2b05034b88a447e0fd1cfce987336940ca101582258207676766e73657976656a67656e6776656e646c767363747a7673697777666163001a95334ef2",
                "value": {
                    "lovelace": 7104737
                }
            },
            "4a6b31bdfa7f9bfece2633#522": {
                "address": "82d818584683581cc5cbb831d6307a6ea15649ef49b621196d925bb7f7332dd470c37ed2a1015822582007adbd51beacbaf1ede9b266c9ad962d82c84861e59ca29f45b78b6c62a09913001a3ee17bc5",
                "value": {
                    "lovelace": 575973
                }
            },
            "4a6cff047854f19ac2aa52#625": {
                "address": "61ffe51d3e7d829723",
                "value": {
                    "lovelace": 1577406
                }
            },
            "4a7215ee9c7d9dc229d292#74": {
                "address": "82d818584683581c609f768f2fd6bf40021a2a3f511c14ad8660e4925ff6b7bf0a736877a10158225820d96da5e4ff5ba71d1a6ee9c9d794028dc7dc4fb5ca4c286ace178035e0ff3750001abd4977cd",
                "value": {
                    "lovelace": 8359599
                }
            },
            "4a8666683506aacd900bbd#87": {
                "address": "82d818584d83581cfec3617ca04ed445940f671df9a966ef04416811c70c4dbfb8aeb776a201582258208304b0e60bd1b100a101e0ff401d390ece22e46a02f2660b38705acd5d46c46702451a6c47f950001a8045ccd1",
                "value": {
                    "lovelace": 15068051
                }
            },
            "4a89e74e640b8c46257a29#230": {
                "address": "82d818584683581c5b80aaf0f3fd6470460281cf044093d550bfeb47f9a8ad4ec4041f0fa10158225820791380b9e40be40780e2d38d648d3e62fb8f80e6fd7d99112b3e388e24ee0520021af7251f05",
                "value": {
                    "lovelace": 16624032
                }
            },
            "4a9371d7a2e3ae86a00aab#576": {
                "address": "7053641960a59d4e82",
                "value": {
                    "lovelace": 4247137
                }
            },
            "4aa8445619abd08f3ba0eb#133": {
                "address": "82d818584683581c29c95a72f453b76f32876dd537bc16833718b919f08515c3d4b06a2ba10158225820d51c2150aaed67316629c10a4f8371f7261687f450fc74d641fbcbd5cc6e09e0021ad7449f6a",
                "value": {
                    "lovelace": 7276564
                }
            },
            "4aa8445619abd08f3ba0eb#608": {
                "address": "1006eca1b437c7904cbf6f175c8773ad2f",
                "value": {
                    "lovelace": 3086551
                }
            },
            "4ab47423517254fcb84dc0#711": {
                "address": "82d818584683581c7443f4dba667edf665b22987649ce4ac7a0dddc2c83dd18905d3a236a101582258206b647675636a686b646166656768686b65696f6b7a6d7a686f6779746d6b6f61001a4f76dba9",
                "value": {
                    "lovelace": 890047
                }
            },
            "4abf6d6c819ec975b043ae#666": {
                "address": "82d818582183581c60af36df059a57ff594ea19ffc7e4e3ab06747e64d228a820bd3a253a0021a4b0c7c36",
                "value": {
                    "lovelace": 1302488
                }
            },
            "4ac0cb5f0fcf239ab3d9c1#372": {
                "address": "2115f41a2e96bae341bb48ffbf89468592",
                "value": {
                    "lovelace": 12062363
                }
            },
            "4ac4ca4238a0b923820dcc#796": {
                "address": "60bf6f175c8773ad2f",
                "value": {
                    "lovelace": 9006666
                }
            },
            "4ad838691e5d4ad06879ca#857": {
                "address": "506b31bdfa7f9bfece85e36b85ead626a8ed03",
                "value": {
                    "lovelace": 15889998
                }
            },
            "4adcb9be2f604e5df91deb#403": {
                "address": "82d818584683581c47c4a0a225a3ec26b175198f243fcb4b2d8c3620bc7f2176f534df4da10158225820676574756f737975736879647a6d666f786b76657576796d6d7579796a6c6a6c021a9e47737a",
                "value": {
                    "lovelace": 4977354
                }
            },
            "4ae472fc310dea59924707#442": {
                "address": "82d818584683581c5ac0d754af439d4579f878d5b988e975d88a4bc322508a7a5156dc11a10158225820dd544b1a2ddc0ed9d980b805e8ca127f942c23ec6dde8cae2080ec2ae3dac557021aaa989243",
                "value": {
                    "lovelace": 5362362
                }
            },
            "4ae472fc310dea59924707#668": {
                "address": "82d818584683581c1e8e9363ec30c0784af930b152a51647b601bca08c8615e4077ecb9ba101582258206e6274756f736977776874707964747770796f7262616f73676f616268767a6d001ad5c6199e",
                "value": {
                    "lovelace": 7556040
                }
            },
            "4af3f028936516017a2199#770": {
                "address": "82d818582883581c85185fefd3441a685eac21834ebd1319d1e203ade2e6d62576250202a102451adde3e3a3001a8889644d",
                "value": {
                    "lovelace": 14475002
                }
            },
            "4af3f028936516017a2199#863": {
                "address": "82d818584d83581c1ed8fa7d801a8ff875ecbce86d1cedb8ea6ef17f4bb57f143a322ec6a20158225820786b62666270706d62766f76647771706c746a7468696f6f6d716c777574757802451a7f6b64ba021aa33f91d0",
                "value": {
                    "lovelace": 12842586
                }
            },
            "4af5a7e477cd3042b49a90#280": {
                "address": "82d818584683581cf567ec0f947fe61361b82124ce2a601aa707867696bac46042adc647a101582258206e6f7066787562696963636f6878796d766f656d716f656d776a6462627a6b68001a42d61a63",
                "value": {
                    "lovelace": 4489192
                }
            },
            "4af5a7e477cd3042b49a90#454": {
                "address": "82d818584d83581c1f9a4bbc2fd2b889303ab57add4210e2247ebece2f8630879cbbdf78a20158225820796b757a706b70746b6674667066676a7567736d746375706a636f7861637a6f02451aa5b5ca5b021ae3748885",
                "value": {
                    "lovelace": 5313099
                }
            }
        },
        {
            "4a26b17225b626fb923884#714": {
                "address": "6055a54008ad1ba589",
                "value": {
                    "lovelace": 15984859
                }
            },
            "4a7a27b6d7f424c951347d#564": {
                "address": "10c0cb5f0fcf239ab33590cb8af0bbb9e7",
                "value": {
                    "lovelace": 7527927
                }
            }
        },
        {
            "4a26b17225b626fb923884#797": {
                "address": "82d818584d83581c99f5cd33a72d60a434bbb063ca6d7d6ea720c3bf3197eabdd6524491a201582258207a727661746c7068776b646d616267716e7462716f6867796b627862736c6d7a02451a6cd22de9021a9c90bf72",
                "value": {
                    "lovelace": 2662268
                }
            },
            "4a3590cb8af0bbb9e78c34#863": {
                "address": "82d818584d83581ce1dbc77efea135a956be9902623dd0deb0f448b1d9179308bd0eb56ea20158225820113ac50b32098b172b4d68e930a1561d3725044497b4e48ec4b4ab57b8a5beb102451aaa85aae4021a6e46e76f",
                "value": {
                    "lovelace": 12846023
                }
            },
            "4a58c89562f58fd276f592#773": {
                "address": "105058f1af8388633fbb48ffbf89468592",
                "value": {
                    "lovelace": 418784
                }
            },
            "4ac81e728d9d4c2f636f06#982": {
                "address": "82d818584683581cb1e93075463573c5c0651620a10a05490dbb15dac9234e754a66ba70a10158225820687368747777646379687162676767736d61756b676c6779626b6e6c6a667a66001a26f9d772",
                "value": {
                    "lovelace": 6064504
                }
            },
            "4ad2e53153398452a7c385#519": {
                "address": "82d818584d83581c8505a9e5bb3feb426b2f77d5bf7a88a92998bd6423c1b01c76df63d1a20158225820cd997bc6cd436a47cc70550ca5299847f24125b267983170d637502ccf9786fc02451a067edb73021a51a9548c",
                "value": {
                    "lovelace": 6387293
                }
            },
            "4ad838691e5d4ad06879ca#138": {
                "address": "419e688c58a5487b8e84ff52acc56784f1d546",
                "value": {
                    "lovelace": 9716517
                }
            },
            "4af5a7e477cd3042b49a90#15": {
                "address": "50eccbc87e4b5ce2fe83f22783a494088193f110",
                "value": {
                    "lovelace": 9891558
                }
            }
        }
    ],
    "seed": 173266520
}