{
    "samples": [
        {
            "582009d34606abdcd0b10ebc89307cbfa0b469f9144194137b45b7a04b273961add8#728": {
                "address": "82d818582883581cd6799ed835c3e836ff0f9ca01b293fbc1186fd6fc6652cb359f2192da102451a879be77c021a99827498",
                "value": {
                    "lovelace": 14336919
                }
            },
            "58204c54f47d69e097eed691c686ac18444a10d4abe934c311d0fffba9a3928f9e71#352": {
                "address": "414acf2773917c7b547c576a7ff110d2ba5733c1f1ca9cdc659aea3a5683ae7485aec27286e1c27f",
                "value": {
                    "lovelace": 16404231
                }
            },
            "58207a610b385935ca503d6765af4e89b3a43689804ddf2ac61cb1c495d70ba5fd2d#942": {
                "address": "82d818584d83581cf29183aa7f2d5e18a6af055479282cac37d6960fba8471bdf81c28fba20158225820e319296e8f4fbd1a69ea8a5d49681b0c9b910b7df743cd7207db6f09c157fb4c02451a68e079d1001a5d280747",
                "value": {
                    "lovelace": 4098490
                }
            },
            "5820cc00d665921862a0904c08727111760ec004a2ea55f3c876deb764e40c444ad6#28": {
                "address": "70879388b871f6b0707650f49e328685833b333cf196d34ec1581592d0",
                "value": {
                    "lovelace": 9292122
                }
            },
            "5820f5c890541793f37bfeefc6edfa38412de005f5ac94f0f1ebfb8b55df20e6f654#172": {
                "address": "82d818584683581c0efa7d2cdcd9e77b90243199db8d2c78388f0a5a60d0de484b0303eba10158225820f521c206004832ecf2ff720c95d56145abaf0587dc77dc92ac2f1a5abba82deb021a66ec532b",
                "value": {
                    "lovelace": 2832926
                }
            }
        },
        {
            "582031237cdb79ae1dfa7ffb87cde7ea8a80352d300ee5ac758a6cddd19d671925ec#996": {
                "address": "50b16b56f5ec064be6ac3cab6035efae86b366cc3dc4a0d571603d70e5b03b83fd905582fffe55",
                "value": {
                    "lovelace": 11935196
                }
            },
            "58203d71295ebcefbc033087a32f197135794ad72b0c660fc4d48ab441a1cd98c853#365": {
                "address": "3194812e1a67219967475e23da4ef4bb3cb3a1a5c636db27ea0081336c2e12c5e499e0521b13837391beed1248a2e36117370662ee75918b56",
                "value": {
                    "lovelace": 6539996
                }
            },
            "58205387d49e52ccb13f1704c321eb6e82be63cf494a3f981daa3aab0b2bbf29467f#852": {
                "address": "82d818584d83581c9a8c22a619225a71a401987209f14440959e7d2935aab3f0c9eb05fea20158225820647a6d6c746b7964786a70636d70696f6f7478617766767a63676a727a74666702451a19f21463001ad43c206e",
                "value": {
                    "lovelace": 8017228
                }
            },
            "58205b4b01a4a3892ea3751793da57f072ae08eec694ddcda872239fc8239e4bcd1b#680": {
                "address": "82d818584d83581c2bb3e0eb6a161a5fc92bc0ce03b10d04200c1e245cc9094416efa54ea201582258206e646b69786579746e747873767a6c66776b66757468706f676c66717a6c716b02451a1dc29f69001a84c2620c",
                "value": {
                    "lovelace": 9323817
                }
            },
            "5820642206314f534b29ad297d82440a5f9f210e30ca5ced805a587ca402de927342#598": {
                "address": "71919f25852e5d000e30c0883c8eefd00bd5a2a4cb4da1d478f812a2e7",
                "value": {
                    "lovelace": 12097495
                }
            },
            "58206685104c2ae2cfb08c4e3f5d33a3e26832f56bc34c5d56ab20ece1b735a1508a#570": {
                "address": "412d725128406dc832eb74c4709aca0512499b3c7b17e00d7cb2e6d1b183d71186b4ff628583a842",
                "value": {
                    "lovelace": 7973270
                }
            },
            "58206685104c2ae2cfb08c4e3f5d33a3e26832f56bc34c5d56ab20ece1b735a1508a#850": {
                "address": "82d818584683581c34b983cb9e53a8c7e05f76bd0d386134489b6f2b82863fa2d5ab1277a1015822582063637a7471786e6a6e626666737565766e736c69636f6877766667616578736c021a42a2aeae",
                "value": {
                    "lovelace": 4425234
                }
            },
            "5820a318ee67737d7d19b425d9500db52ae0e6b8e6b0d87b421995221a18fa02eec7#150": {
                "address": "82d818584683581cb3ac0bac8d422731801b7c14ef3b375fe7c261611e98075859b5420ea101582258206d6e727977747068766c7066676a6d78656a6872626571726b7a6a6a78616d6d001a9d24af0f",
                "value": {
                    "lovelace": 13618939
                }
            },
            "5820ae85d245a3d00bfde01f59f3c4fe0b4bfae1cb37e9cf91929eadcea4985711de#587": {
                "address": "82d818584683581c5511377e8fd21d08836c2782d99dd2dae3bc7847153c2e8f34639c64a10158225820cd937cfd6cb510e29aebb9dd941402890b46cf95b4e748338e8220d0c2c521c9001aa9c729ed",
                "value": {
                    "lovelace": 11706298
                }
            },
            "5820c190ad992ae264008253235c98e3ccdcd78d5d95f74f317f9c8af0482cb04b0b#205": {
                "address": "82d818584683581cfe9b1e4b62925a43d9b04ea2aabc5e95eaf985ccd480587ff9452a6ca1015822582077b3d3a3af4ef926d80dabeb3d445961cd0b5eb8aa6fd32104fa13397b120487021acae202e8",
                "value": {
                    "lovelace": 13474310
                }
            },
            "5820d5fe575833416d53211f0f95a1c460263305b63c0c1088317aaf64d57b2a64c4#992": {
                "address": "20a79c3a7ebeb65362451f826c58dd1d1854b6efa8b8d8282fd9c824496eb636072f7c7c995cfc2842e8ab58c85846c5cadce7c17d30a6d77d",
                "value": {
                    "lovelace": 10827529
                }
            },
            "5820d9c38f56d9147ba5ce4a0b52456ef4594c46992b74051e462ab8275845345e98#86": {
                "address": "82d818582883581c2b12cd166a22c649313d44297ab4fe997a63f675be5e8aba94a4ec4da102451a8fdeeb12001afc9c6a55",
                "value": {
                    "lovelace": 12693020
                }
            },
            "5820dfff88be5df71a1e88b76d0f5a2449edb77d855b19b3824915bcdf9fc1311823#277": {
                "address": "0048f7ac9d40715449bc209842c1c5feb43a5ee29443ca029d24ea57cd8827808b00c5b9ba80ecaf0d584a46ff8c3f9e0e1d88556772a7f767",
                "value": {
                    "lovelace": 12842324
                }
            },
            "5820e88bd757ad5b9bedf372d8d3f0cf6c962a469db61a265f6418e1ffed86da29ec#712": {
                "address": "82d818584683581c5b23acffdd08873ff6d3140e22aa59daff359c39d91f77eaaf56d2f6a1015822582073696e7a7077787076686a676c7a756a6f6263716463766765676f7a6c6e686e021a216ca51a",
                "value": {
                    "lovelace": 3600139
                }
            },
            "5820e88bd757ad5b9bedf372d8d3f0cf6c962a469db61a265f6418e1ffed86da29ec#752": {
                "address": "502e12c5e499e0521b13837391beed1248a2e36117370662ee75918b5684b17483a6902d87d8a21f",
                "value": {
                    "lovelace": 1843771
                }
            },
            "5820fadd2180bd6b1cfa73a67e7892d878521ef69918995040fb8661647d321e0c55#2": {
                "address": "82d818584d83581cfe604125372f5fd9c93e46e1d4a9592bb6f28497eebb50e97f9c67e7a20158225820636379686c786a637867706e7276666f66746e71677a68656d7a69646c646f6a02451afcfb3a98001a047427cc",
                "value": {
                    "lovelace": 12565770
                }
            }
        },
        {
            "582009d34606abdcd0b10ebc89307cbfa0b469f9144194137b45b7a04b273961add8#80": {
                "address": "82d818584683581c687e97ce28a91f2be30749fc3e6f33c736da105569c786911a8c576fa101582258207bb6baed359d2f9f91b42438b86f6b20abb9cfdf290191f943e65841bc6a63b4021a3fbfac04",
                "value": {
                    "lovelace": 6864661
                }
            },
            "58200fd923ca5e7218c4ba3c3801c26a617ecdbfdaebb9c76ce2eca166e7855efbb8#963": {
                "address": "61fca1a0b9eccdbe9179ac3a6f61534f88e024b83608a8aedd616bb379",
                "value": {
                    "lovelace": 13129249
                }
            },
            "58201441ed556856d6419cac8fdc62893322984ab2eea6c2df323c6325fb97467fd0#49": {
                "address": "20919f25852e5d000e30c0883c8eefd00bd5a2a4cb4da1d478f812a2e748f7ac9d40715449bc209842c1c5feb43a5ee29443ca029d24ea57cd",
                "value": {
                    "lovelace": 5678618
                }
            },
            "5820158d499fef5c013842e1c2fd870a0724cdfe4ef9d5c01675108ef5e9c8c763be#343": {
                "address": "82d818584683581c5e35e829152e404af1aafe21903fb860274a61259615ee0b3bdb47afa101582258206d7a766774786470706873727772797262796d62796a64657771636b6d6d6975001a4b456cd7",
                "value": {
                    "lovelace": 934416
                }
            },
            "582031237cdb79ae1dfa7ffb87cde7ea8a80352d300ee5ac758a6cddd19d671925ec#247": {
                "address": "00148215155affc38689d1fea3dd81dae3b5bb746639220c02ec8c544a22afd10f82bd984ea6a6f7e79427eae920e3af789e1939918693958a",
                "value": {
                    "lovelace": 12541674
                }
            },
            "582031237cdb79ae1dfa7ffb87cde7ea8a80352d300ee5ac758a6cddd19d671925ec#319": {
                "address": "618827808b00c5b9ba80ecaf0d584a46ff8c3f9e0e1d88556772a7f767",
                "value": {
                    "lovelace": 2252555
                }
            },
            "582031237cdb79ae1dfa7ffb87cde7ea8a80352d300ee5ac758a6cddd19d671925ec#663": {
                "address": "82d818584683581ceb32e4278f7b84f98e03434891286d7bb56bc097142e8fcf30fa886da101582258206e6965766a7874636b676d716d70757770667a72726379657a64727175777766021aa061387d",
                "value": {
                    "lovelace": 14851266
                }
            },
            "58203d71295ebcefbc033087a32f197135794ad72b0c660fc4d48ab441a1cd98c853#298": {
                "address": "6022afd10f82bd984ea6a6f7e79427eae920e3af789e1939918693958a",
                "value": {
                    "lovelace": 1868355
                }
            },
            "58203f3782871202b3e4e89ec4d17789d86b05cdca5efd81be573baf93403dc3b29a#895": {
                "address": "82d818584683581c17093000bd4a248db87c7dcb37bfdd910b80e8fc268a3d13d603a066a101582258202abd8ad3f2ceabfd247985e936290217009d211d75f7b89e257011d86373dce2021a2813d501",
                "value": {
                    "lovelace": 7965188
                }
            },
            "582044e9e1dfd31e4c8c8e05d6db76912790ae9b2f989463f59f709cdd3df7393675#222": {
                "address": "61e2f0274bf224e629f74c81de85221726cabd2f68a7efde739d4c1c0c",
                "value": {
                    "lovelace": 16454594
                }
            },
            "582044e9e1dfd31e4c8c8e05d6db76912790ae9b2f989463f59f709cdd3df7393675#472": {
                "address": "50919635e214f16425e1fd274fc56187337801677bd05cb6cb808154a585bf5b8690e16083ecd662",
                "value": {
                    "lovelace": 1571845
                }
            },
            "5820581348337b0f3e148620173daaa5f94d00d881705dcbf0aa83efdaba61d2ede1#661": {
                "address": "606d8143487c22dc58eceb5b53f9876e008f052212542d25a0ae8b859b",
                "value": {
                    "lovelace": 21017
                }
            },
            "58205e9d8bac576e8604e7c3526025bc146f5fa178173e3a5592d122687bd785b520#359": {
                "address": "82d818584683581cf5a673d127535980893bc84a44b905e60601428943faa369e71438c0a10158225820d349c88f4c9b03ab94b5e2321d76cdbae7d1be795046a7a7bf1915badc076e9e021a61d3dda9",
                "value": {
                    "lovelace": 2235972
                }
            },
            "5820627460951005a4a9881182a8a32015b1dc85d5ee6f31e968b5b375115281e07a#873": {
                "address": "10143987ce3cfc19b354f9a35bbea806c91f8559c8cf5e52a8a0c86a598f461954fe2f18fee1dca233f358907e643ff839ed1f995e4bf325e3",
                "value": {
                    "lovelace": 3651711
                }
            },
            "58206e30ba9e2f411e40b031121ddef5821b1cf6627fa618fd3a45936d567b7b0683#295": {
                "address": "00e102caf3319570ab314537038eef9ee59f733686626c6baab9c9fd13919635e214f16425e1fd274fc56187337801677bd05cb6cb808154a5",
                "value": {
                    "lovelace": 1211585
                }
            },
            "58207bee3bbfb37286d6a41378082e08c12af0084f0b1b92f77983f4c3394e91b5e9#739": {
                "address": "110d94e174732ef9aae73f395ab44507bfa983d65023c11a951f0c32e448f7ac9d40715449bc209842c1c5feb43a5ee29443ca029d24ea57cd",
                "value": {
                    "lovelace": 88112
                }
            },
            "58208c272b95141731e2069ed10ad288146965eb76f0a566885323195f4cd7d58f3b#154": {
                "address": "82d818584d83581c5895e16334960298d8a5a093aeb0a964094cc79359d38b2bb3c027b1a201582258206846933720c701185323d19eed93540c9650d55c9e67bb9c8fc9975338ae529102451ae6f84f6f001a4bebf164",
                "value": {
                    "lovelace": 16732065
                }
            },
            "582092cdf578c47085a5992256f0dcf97d0b19f1f1c9de4d5fe30c3ace6191b6e5db#73": {
                "address": "82d818584d83581cb9e8e93c4d88f7c23f977a06ca89c3fece609291677f5b4d42cf5284a20158225820b0204a47a18672a87226d0763b08f9dcbe21ae2bf3a035c56c489ff12e8f7ee502451a2b95ad00021a17b97507",
                "value": {
                    "lovelace": 15751834
                }
            },
            "582096b5f154b0afc62c6a91d756ee31dfc219d76c08ebd30341c198e7b22533745e#814": {
                "address": "11245d5a7a06fe18358242e81281cd5ba9e6abe4efc54e7b659f25abae0b11b1f3d6d5b9fc521c4dd0f9c3dc8d1b156b5fd99b13669cacbdf2",
                "value": {
                    "lovelace": 12622038
                }
            },
            "5820ae85d245a3d00bfde01f59f3c4fe0b4bfae1cb37e9cf91929eadcea4985711de#148": {
                "address": "504acf2773917c7b547c576a7ff110d2ba5733c1f1ca9cdc659aea3a5681c75082a19a3e8782d122",
                "value": {
                    "lovelace": 125958
                }
            },
            "5820ae85d245a3d00bfde01f59f3c4fe0b4bfae1cb37e9cf91929eadcea4985711de#985": {
                "address": "82d818584683581c1485d9fa754559b7cd59c6644e82c94250efdf2e8dafaab382ccd430a1015822582078626576736f6d64756d64797479656b7669776a6c6862757a7676676f6b7477021a46ded96d",
                "value": {
                    "lovelace": 1856232
                }
            },
            "5820bb30a42c1e62f0afda5f0a4e8a562f7a13a24cea00ee81917b86b89e801314aa#222": {
                "address": "41f13c4681b1f7244a587a1360411d82fda760b29c74d547b6b6a2264482b32a86b3f1148181be02",
                "value": {
                    "lovelace": 12625024
                }
            },
            "5820bfa726c3c149165b108e6ff550cb1a1c4f0fdc2e9f26a9a16f48babe73b600ce#637": {
                "address": "416d8143487c22dc58eceb5b53f9876e008f052212542d25a0ae8b859b83a1408789d44383a1fe37",
                "value": {
                    "lovelace": 3263623
                }
            },
            "5820c7ab30d518436f5ee3e986aea62d3a422e6766e74a5dca42ccd4d7f17e06280c#966": {
                "address": "51143987ce3cfc19b354f9a35bbea806c91f8559c8cf5e52a8a0c86a5985ad658498e21885aa8045",
                "value": {
                    "lovelace": 10538988
                }
            },
            "5820e5e261ca0971ced6a41f7ef41eb6e63ee89a0c492d27aac8902b91f40182fdc8#223": {
                "address": "61cc7fde757317239573d01fcd76cca07f5b8d6f3ffa347be235c5aeee",
                "value": {
                    "lovelace": 3526594
                }
            },
            "5820f3af13541ce4b643d22ba9671733a31fed7e453d5b427082d1ea771e0f7d58ae#456": {
                "address": "82d818584683581cb692fc74d92981c817afe834a431652e2c92f753ab25a00c9fb8a189a101582258206f7878707576766463757264727764746c6c6c6371676678777a6e716b6c6c61021acf4a50f2",
                "value": {
                    "lovelace": 886940
                }
            },
            "5820f5c890541793f37bfeefc6edfa38412de005f5ac94f0f1ebfb8b55df20e6f654#421": {
                "address": "711cd2b7f71d400aaabd4f85803ae5ff6f77c1a978586fda00e174216c",
                "value": {
                    "lovelace": 9370835
                }
            },
            "5820f63498b4ae65be466e4a71878971b9c524458996450b0ff8262cddf3f0d99229#251": {
                "address": "82d818584683581c980840eb6fd835185b56e3430180dea99b3bf98afa86f7b726fbf558a101582258206771676b637a697a6676756f79786d6e617a6c61686671776b6b636f70716d66021a5198805c",
                "value": {
                    "lovelace": 5997315
                }
            },
            "5820f63498b4ae65be466e4a71878971b9c524458996450b0ff8262cddf3f0d99229#303": {
                "address": "82d818584d83581c88303031c4f52519f364c0da7a94f1b47cd1da7e7687c21cfda018e7a20158225820646c63717a656b7465736c64736a63657a626369706d6e6c696b726d7568646f02451a9deba8ed001a1a69257f",
                "value": {
                    "lovelace": 11394543
                }
            }
        },
        {
            "582031237cdb79ae1dfa7ffb87cde7ea8a80352d300ee5ac758a6cddd19d671925ec#673": {
                "address": "82d818584683581cdc8d1d00c7d7174dcffe77aab67a1c7c56dea0d6377eb5ac8e001656a10158225820627a6e6d747471696b6f7664636e63666f736f61706c77736e6c676972757471021aaf158351",
                "value": {
                    "lovelace": 4681361
                }
            },
            "582032e93baec5fceec344438f8a01e295503a3e0669cefe44ed9af8d8f3e5de1347#566": {
                "address": "82d818584d83581c5f46762e39ad8aa747c585854f15d141ca4277ba112f12cd7d1782a5a2015822582046256d13f0ae73b3e5f13daaf002d5c79b5c0177d90f2f228d8e1326b5ee1ebc02451ae8999a8a001af3b5888a",
                "value": {
                    "lovelace": 10725925
                }
            },
            "5820395a122eb1402bf256d86e3fa44764cf9acc559017a00b2b9ee12498e73ef2b5#746": {
                "address": "82d818584683581ce3ef4a21d30a0c4f52d15be25d2646a537bb53e1c32f4c7e2e55a232a101582258206364706a6f6b6f62776376786b646a7363666c7169716f7465736d6271667171021aa8666757",
                "value": {
                    "lovelace": 14725377
                }
            },
            "5820395a122eb1402bf256d86e3fa44764cf9acc559017a00b2b9ee12498e73ef2b5#837": {
                "address": "82d818584683581cdf89c72fa6db5125f56c26be96418559608b3d1b1db1aa0faf012d68a101582258206a636569647a6f676e7265726170646c6f786d6c6c7a64726a77776375676a77021aada90d6b",
                "value": {
                    "lovelace": 2819395
                }
            },
            "582044e9e1dfd31e4c8c8e05d6db76912790ae9b2f989463f59f709cdd3df7393675#771": {
                "address": "82d818584683581cf3e9e02f1ea637a764d21f3f95a78ae6570f380a53bf815af1d3107ea10158225820646f727764746277716d71736d74767a797669666e646676696c796178657969001a749d98e4",
                "value": {
                    "lovelace": 5614473
                }
            },
            "58205387d49e52ccb13f1704c321eb6e82be63cf494a3f981daa3aab0b2bbf29467f#491": {
                "address": "82d818584683581c0fc778b44bc5c1f1483ea0716137e57f85f3ac66762e95de154b4ac9a10158225820736e76636471707862736462646972746d69726666747579777871657573676f021a8825dee5",
                "value": {
                    "lovelace": 11781165
                }
            },
            "5820581348337b0f3e148620173daaa5f94d00d881705dcbf0aa83efdaba61d2ede1#334": {
                "address": "2082ea038f9848480806071b8eb1c3f1f04417280892ef7520350c2cdf4acf2773917c7b547c576a7ff110d2ba5733c1f1ca9cdc659aea3a56",
                "value": {
                    "lovelace": 3451403
                }
            },
            "5820581348337b0f3e148620173daaa5f94d00d881705dcbf0aa83efdaba61d2ede1#892": {
                "address": "51105a8f1bb56444cacc86378c95421aceeb326b0fb7743e493eb82fd5828a4281c6bf658591d120",
                "value": {
                    "lovelace": 15968696
                }
            },
            "5820642206314f534b29ad297d82440a5f9f210e30ca5ced805a587ca402de927342#573": {
                "address": "82d818584d83581ca7476736d7fb4f0e50808d881b2a305955b2368570dab63c3b86991ba201582258206f7a6978686a667065636261746d7865667a77706b666d6e7467646c6b676e6802451a019e2f1b021a1ed2972d",
                "value": {
                    "lovelace": 7861585
                }
            },
            "58206685104c2ae2cfb08c4e3f5d33a3e26832f56bc34c5d56ab20ece1b735a1508a#341": {
                "address": "70919635e214f16425e1fd274fc56187337801677bd05cb6cb808154a5",
                "value": {
                    "lovelace": 3458632
                }
            },
            "58206685104c2ae2cfb08c4e3f5d33a3e26832f56bc34c5d56ab20ece1b735a1508a#896": {
                "address": "82d818584683581c66e1d5e10f0dba50b83be09ca895a7f2e8c1c715abcc7565f9fbce2ea10158225820e1ae8b509db7ea2382d38c6f32a2edc18ac50f81ecfb5697fa739fa268f5e4f8021aac31378b",
                "value": {
                    "lovelace": 10760444
                }
            },
            "582095c3003a78585e0db8c9496f6deef4de0ff000994b8534cd66d4fe96bb21ddd3#5": {
                "address": "82d818584d83581c04c029a2002a2a318a3a80e4c44948f10d55b52283031d4a50ec1521a2015822582076796c6974696b676a6c7270677a6a736775687579736b6664756267616c6a7a02451ac88a3801001ad32dd385",
                "value": {
                    "lovelace": 15553616
                }
            },
            "5820bb30a42c1e62f0afda5f0a4e8a562f7a13a24cea00ee81917b86b89e801314aa#560": {
                "address": "82d818584683581cfcf850bba14d3d54f7f12e1e628ce37b4cc979ab4e5a4b1edb98e295a10158225820cacf930e605582a1c9595682147fd8c39d4911e5bd1006fd12a5550d47eafadc001a048f7540",
                "value": {
                    "lovelace": 13466160
                }
            },
            "5820c7a203a908f989d693da05c2d1812b78e6b71521fb01146ebbf596b69b1a84c0#898": {
                "address": "61879388b871f6b0707650f49e328685833b333cf196d34ec1581592d0",
                "value": {
                    "lovelace": 8104396
                }
            },
            "5820cc00d665921862a0904c08727111760ec004a2ea55f3c876deb764e40c444ad6#528": {
                "address": "82d818582183581c5f80f1fbdc47c26849a48dba49ffa5f131749708ca9a3203913aed5aa0021a99045c0b",
                "value": {
                    "lovelace": 8443115
                }
            },
            "5820e88bd757ad5b9bedf372d8d3f0cf6c962a469db61a265f6418e1ffed86da29ec#153": {
                "address": "82d818584683581c9f9a73d76023a16d3ac412c4c104be2f8deb36089aeedcb818f79d11a1015822582063626571696468776d77756579776a7376617979686f7874746c61777a757765021a138b9048",
                "value": {
                    "lovelace": 7088192
                }
            },
            "5820f63498b4ae65be466e4a71878971b9c524458996450b0ff8262cddf3f0d99229#803": {
                "address": "82d818584d83581cf629844af5ec7bcf3781a1ece9400954bcbc676eb6b5a83af29b1e5ca20158225820726d6c7a72736f796d707763616874776a63617373626a767164676e786c766d02451a8d8837d4001ae2d9db1e",
                "value": {
                    "lovelace": 12362255
                }
            },
            "5820fadd2180bd6b1cfa73a67e7892d878521ef69918995040fb8661647d321e0c55#205": {
                "address": "82d818584683581c1e366e634e848a739314c41be80cfd5c3942f5e1eee32128a39863eaa10158225820495cf4247edbc41b1cf5c5b2d9faf453329188d7620856c22e5f9e4550313c14021ae121b55c",
                "value": {
                    "lovelace": 5720745
                }
            },
            "5820fadd2180bd6b1cfa73a67e7892d878521ef69918995040fb8661647d321e0c55#467": {
                "address": "82d818584d83581ccf7dda2bfac618072f7aea827dc77d6bef1a5c78029bfda3406f471da20158225820b545d25e8a38db6fb341c58eca66bd6289245668c65394445b030ddd7216794902451ac83aada3021ad66c998e",
                "value": {
                    "lovelace": 16459957
                }
            },
            "5820fadd2180bd6b1cfa73a67e7892d878521ef69918995040fb8661647d321e0c55#47": {
                "address": "82d818584683581c6caa25dec885ba65bfa24ec7639205e3c125a125e9072c6780f3020ba1015822582010228c9d0e3daaa2efe2592a399c08e06d372d290715b83057eb3b50b7ab78e7001a6225f813",
                "value": {
                    "lovelace": 2851198
                }
            }
        },
        {
            "58201441ed556856d6419cac8fdc62893322984ab2eea6c2df323c6325fb97467fd0#702": {
                "address": "82d818584d83581c6acafc5d89d90d11309a64df1573edea51c20b0e28c5b10a8f875f41a20158225820319241982e28931bf3e86cd4bcdf3e50f1d0de14a85fbd215bff28780d5c1d4802451ab4f6d7e0021a8f17f059",
                "value": {
                    "lovelace": 2067822
                }
            },
            "58201441ed556856d6419cac8fdc62893322984ab2eea6c2df323c6325fb97467fd0#996": {
                "address": "82d818584d83581cf5f0fca11bdd7bd5c6342f3956995108ca85e6d7d5a37cdd3041c8aaa2015822582074777972697a73747477666477676273636d74796f72747278646f6e6c74767902451aec702ae9021a2d41ad4c",
                "value": {
                    "lovelace": 6413679
                }
            },
            "5820627460951005a4a9881182a8a32015b1dc85d5ee6f31e968b5b375115281e07a#791": {
                "address": "82d818584d83581ca586ef8f324df7e14e63afc94b2624424f959eed569be123837286b0a20158225820687361706c7572647a6e6b76716b6c717a6876746172747770656f6d7065676302451aa5b2c0c2021ac2a9f3a4",
                "value": {
                    "lovelace": 12413765
                }
            },
            "5820642206314f534b29ad297d82440a5f9f210e30ca5ced805a587ca402de927342#535": {
                "address": "82d818584683581c1e845f8602fbdad35b8c8bfcdaa98dd048df7cf062261a675f1df97ea10158225820e7ea3af8d8ee545676617f12ef7bbea2ffc07ab59351796b0cd58e7dc20ba065021aa52bfabd",
                "value": {
                    "lovelace": 14697238
                }
            },
            "58206f28f659a891396b72ea09899abb961e87a647328e3aa55254f2ab04e5e3abd2#692": {
                "address": "82d818584683581ce1b1046a3cca1e0b42ef4bb4de7faaef3054768b42a1ccf21fb42d16a101582258208f54cb1b18a4303e14a24a2e462fc17ae0a71485a422fe62ffab69e8219048ab021a289ba08d",
                "value": {
                    "lovelace": 11026433
                }
            },
            "582070b201352f24bf1c9770b99f8f71201821411cf414377c9b8c2dbcee61db87d6#75": {
                "address": "82d818584683581cf4924307c9da024bcaef33f3b4bba98b5c5f18a3b3c739eec65cc7f3a10158225820616f73616a636f6c6c71787a686d7a61766d6c61736b6c71736d67696c787067021a845dcc50",
                "value": {
                    "lovelace": 3975072
                }
            },
            "58207a610b385935ca503d6765af4e89b3a43689804ddf2ac61cb1c495d70ba5fd2d#421": {
                "address": "82d818584683581cf513d1aa03dfaf7b7a0275ce5cc8036e05b8fff47647b1f352c62cb0a101582258206376716f79767867637473747176736a7577666765706e676869646e77787068021a09ad8445",
                "value": {
                    "lovelace": 15663874
                }
            },
            "5820bb30a42c1e62f0afda5f0a4e8a562f7a13a24cea00ee81917b86b89e801314aa#973": {
                "address": "82d818584683581cc28aaf5fb6354e9b4e89e1a178d007a8e0a5ae0d19e3d425b5557453a101582258207169636a636a6a756769646d65776e73616c7a6c6e75626c6a7176756969706a021af8bd9371",
                "value": {
                    "lovelace": 10461685
                }
            },
            "5820e88bd757ad5b9bedf372d8d3f0cf6c962a469db61a265f6418e1ffed86da29ec#972": {
                "address": "82d818584d83581c3a6aa355cfded8de5a94ba401d3b7ee5491481b0bd9b55cee038805ba2015822582062692e8511dd22b543921b951080ed54676d7bd8b7f659200464de6e1096c4b102451abeb0b184001a6e48331b",
                "value": {
                    "lovelace": 9162064
                }
            },
            "5820ee155ace9c40292074cb6aff8c9ccdd273c81648ff1149ef36bcea6ebb8a3e25#419": {
                "address": "82d818584d83581cc9d9705a7e92d79fe134dbef3322e08a08cc8a7dde6378c370122c63a20158225820c36fcc122d5bc283ed565f3eb3ef79d822178af79e5ce424ddd6545077555a2e02451ae2b39c8c001aa2f83531",
                "value": {
                    "lovelace": 2471197
                }
            },
            "5820f3af13541ce4b643d22ba9671733a31fed7e453d5b427082d1ea771e0f7d58ae#523": {
                "address": "82d818584683581ca654769ab564241fb9727d8f0a675e28bbd6e0d76d71b472492ca86ba10158225820696968656667646b766e766678626c646c78746976677061756961756b727175001acd186503",
                "value": {
                    "lovelace": 7448787
                }
            },
            "5820f5c890541793f37bfeefc6edfa38412de005f5ac94f0f1ebfb8b55df20e6f654#256": {
                "address": "82d818584d83581c6d77efabb7266d22f246463b6f8a1d9555a67ce2eb93e3dae035c711a201582258206778776f7676796276637475786d76707975766a6c646e6b666173707177647502451a8bd9acb9021a9c8341e8",
                "value": {
                    "lovelace": 4350948
                }
            }
        }
    ],
    "seed": 2106274887
}