{
    "samples": [
        {
            "bfa726c3c149165b108e6ff550cb1a1c4f0fdc2e9f26a9a16f48babe73b600ce#956": {
                "address": "EqGAuA8vHnNgDvKPte7tVReMncJtRHJcuk4njv3oqUPvnRsNTt7AYjtVq5TFWzE1ovn7xnmhzKQxGMvPmaSLgzHtYNscLd53LWnwpNHraZ9UapXeSk9oAH7",
                "datumhash": "5b4b01a4a3892ea3751793da57f072ae08eec694ddcda872239fc8239e4bcd1b",
                "value": {
                    "076828b4691bbe32f6c2cc886c65ffb5acdd849db3a8ad794376f36e": {
                        "ef37725a8598800fb494bebf4e7ae1079a2f9a8a90739dcf": 7830266,
                        "ffe5e55fae2eda31954b2bf5a97a890db8ee": 5223317
                    },
                    "0b11b1f3d6d5b9fc521c4dd0f9c3dc8d1b156b5fd99b13669cacbdf2": {
                        "ab5e824d91c1a6df8a02ccebdec1b0c917a3a45faa402a38": 13704756
                    },
                    "105a8f1bb56444cacc86378c95421aceeb326b0fb7743e493eb82fd5": {
                        "89ec301f37f2b0acf0176388a5ba9616": 1985171
                    },
                    "22afd10f82bd984ea6a6f7e79427eae920e3af789e1939918693958a": {
                        "887d5dd241ee9011878be7908f5616a25ba43971a7dbd6f7": 9984164,
                        "d2503ebb9ba4b0b69045688335fbb4bc78fa5b9bffb5": 16150352
                    },
                    "23f44e7e83a1cd7624805a7d6d16c5fca5317aaa1da99fc05e8cdf26": {
                        "e0760735b7f56da221f3e5335f1e5ebd3a9b320dade404ca59b7dc": 112104
                    },
                    "2db8410d969b6ad6b6969703c77ebf6c44061aa51c5d6ceba46557e2": {
                        "1c46a41a": 16408615
                    },
                    "3770f20dde5a84e5d1120e6f280de9a94a33876685f73529a768c9cc": {
                        "ee970ecb9d1b4963": 10327261
                    },
                    "3d8b9373c3371d41035bea9c90880c1b5928df72a11a5d345b54b8ad": {
                        "eb4936227e6fe8ff45": 5317991
                    },
                    "4406a6672efe0e5fd6d9fbcc8dc37829d72617257609a1eba5acf191": {
                        "78f856cc92d67220aa3895a5c2f63c34a0a6": 10824882
                    },
                    "4acf2773917c7b547c576a7ff110d2ba5733c1f1ca9cdc659aea3a56": {
                        "80f06b7f7177": 6178676
                    },
                    "4cfcdd3101c6b15a71cf3de4bae8c61b5c16fff90099f01e79492338": {
                        "71a5217a3b87b44aec76fb66ab18613afd5f64b1046ef6ce47": 2710069,
                        "a7e3e3b51afcdfb4ac49539986ae66a89b4db46d76a07b": 13779043
                    },
                    "lovelace": 6814921
                }
            }
        },
        {
            "09d34606abdcd0b10ebc89307cbfa0b469f9144194137b45b7a04b273961add8#881": {
                "address": "EqGAuA8vHnNoPQ3LSDZtMgHLqyS3yi4TcaRzmFMhSfJ1XVREsypCP8v6T6AE7qcK5W1WGJ9UH2aU27x2QDUnyqoGvkK8483FaMPWzJZ91Sasmwcmemn2Kkc",
                "datumhash": "eb8649214997574e20c464388a172420d25403682bbbb80c496831c8cc1f8f0d",
                "value": {
                    "1cd2b7f71d400aaabd4f85803ae5ff6f77c1a978586fda00e174216c": {
                        "2fcc2e4217f1212660cf51fe22ef6bf1ae1f53": 10135757
                    },
                    "2db8410d969b6ad6b6969703c77ebf6c44061aa51c5d6ceba46557e2": {
                        "115ac25636714fa14412e8225e512ebfc6": 10169160
                    },
                    "4d50a11e297e7783383bf06dd6e4e481230323bd96cd8b8d9ee3888d": {
                        "4dd5abb115889a501225be688923106b8f6bc52b3f236a": 11453346,
                        "ce1339eed59fef4c9424111c641b5c884bf52a398d": 3328883
                    },
                    "879388b871f6b0707650f49e328685833b333cf196d34ec1581592d0": {
                        "c9c8a000d842e328718a426b7c36ee24e66ec9ccf9bcfc75ad61": 4908867
                    },
                    "919635e214f16425e1fd274fc56187337801677bd05cb6cb808154a5": {
                        "ae4645121ddf44c13ca1e5a2": 13324678
                    },
                    "b228c0a454a78025b37a293ec9f7c7e4510f193328527cd47ff8810a": {
                        "f44eac7d45dcc1db": 11836357
                    },
                    "lovelace": 10803824
                }
            },
            "31237cdb79ae1dfa7ffb87cde7ea8a80352d300ee5ac758a6cddd19d671925ec#141": {
                "address": "2RhQhCGqYPDogw39EZ9PsYKRtUk15gVBWhSnF1EAQkru5xS7o48XL1cLnzhUME1kGXUNbmsm9AhQrrcGoQ1KjwFMaBGzZy3Z9PakbgL4gTo3SU",
                "value": {
                    "lovelace": 11782317
                }
            },
            "95c3003a78585e0db8c9496f6deef4de0ff000994b8534cd66d4fe96bb21ddd3#697": {
                "address": "addr_test1xp9j0x3c3hjxhdxn83xlvndr2ajqh6gqkprztfpk2xmmqkv5syhp5eepn9n5wh3rmf80fweukws6t33kmvn75qypxdkqpl2cec",
                "value": {
                    "lovelace": 3381772
                }
            }
        },
        {
            "581348337b0f3e148620173daaa5f94d00d881705dcbf0aa83efdaba61d2ede1#928": {
                "address": "EqGAuA8vHnNgVQ5mgCZG5pChxtwddQmYBbz62YHfGB4L886vu8yHesrv4scXVh5owKrHyL7VDEBr2EUsyofaf5uJKSvYci196jSSv9mE9QYJEAstCn9kmaR",
                "datumhash": "cc82403cd25004abbbb6ecb2bed657fc13603728151c3ce5bc687f2c160028ce",
                "value": {
                    "076828b4691bbe32f6c2cc886c65ffb5acdd849db3a8ad794376f36e": {
                        "95c7bad2fd4fbc62ded0ed7e4a1fa40739c2bdab": 1386303
                    },
                    "143987ce3cfc19b354f9a35bbea806c91f8559c8cf5e52a8a0c86a59": {
                        "2ff3481d8f297afe9ff599400b924097fd5d1191": 358929,
                        "95": 10388653
                    },
                    "2d725128406dc832eb74c4709aca0512499b3c7b17e00d7cb2e6d1b1": {
                        "97282ca82b": 14559729
                    },
                    "4b279a388de46bb4d33c4df64da357640be900b04625a43651b7b059": {
                        "a2554cb2bdf3da60b4be2d0059263b4049ed2b928c": 597236
                    },
                    "58f12d97286b79e7211166a88e5be186ca6db9f8108a7413a9367fff": {
                        "891b64c2687ff9669bcc1dd8c668a0fe27f18c0e": 15508470
                    },
                    "8f461954fe2f18fee1dca233f358907e643ff839ed1f995e4bf325e3": {
                        "51a23f0cf6e7d668c47e72023b2b218a5309d190e3e6d48c": 12012559,
                        "a619eb0ef81970b454cc88cc334f75251931e6b6fcdf3c405b97d0e6": 12927713
                    },
                    "bd039f956f4b302f3ab6fc7c4bac3350a540f44af81a8492194dd2c2": {
                        "567d0ac6680cf7e6183160fca7d7ddaa95cc317aa8a9527284953cad": 11804750,
                        "99e8ebcd06589bb4c92719e5f8ca6e477370211ee8": 14789262
                    },
                    "lovelace": 7184675
                }
            },
            "ca695f3543876c961b97734fef4027a4fc45ca7cc6d5f796fc980915b17caadc#498": {
                "address": "addr1vxre8z9cw8mtqurk2r6fuv5xskpnkveu7xtdxnkptq2e95qvcfxkx",
                "datumhash": "ee155ace9c40292074cb6aff8c9ccdd273c81648ff1149ef36bcea6ebb8a3e25",
                "value": {
                    "0fb2c57096165367d49491db222d5fc66d38f59be2c1cb467f002ac2": {
                        "438b59119c8968b6c76b0bc821c9bb923bf8b5ee5624182da48835": 13728861
                    },
                    "1920e782f048e9ef52acd89c4341a89c3908c6e046ad87c474fffb48": {
                        "29d16dfc4bf045cc6495ad739a74d19b79b372e5": 11886446,
                        "f654b724beffc4": 3817371
                    },
                    "245d5a7a06fe18358242e81281cd5ba9e6abe4efc54e7b659f25abae": {
                        "cc6e621138bfd7": 15961816
                    },
                    "2d725128406dc832eb74c4709aca0512499b3c7b17e00d7cb2e6d1b1": {
                        "dcb0b1717819e4152f720af0e13b": 9333621
                    },
                    "3542acb3a64d80c29302260d62c3b87a742ad14abf855ebc6733081e": {
                        "36c2939ef49d852a93dd4a7f70fed0d8713f43487186ebf2f11c25": 9206612
                    },
                    "467f58932b54910584a0e8ea25a225e06a14530b2e96e938c53a3f22": {
                        "3dd32a96d3ec10c697688209a7f6c351385655e8cf770e": 6399080,
                        "7ba7": 923765
                    },
                    "48f7ac9d40715449bc209842c1c5feb43a5ee29443ca029d24ea57cd": {
                        "63fc4efad91d7cedce810ae8ad86080f0ef441cb": 5757056
                    },
                    "65fc709a5e019b8aba76f6977c1c8770e4b36fa76f434efc588747b7": {
                        "18dacac2d08e55f8d9fac6e10e87c68327342fbca5bb2743c758d931": 16121754
                    },
                    "879388b871f6b0707650f49e328685833b333cf196d34ec1581592d0": {
                        "221910701f3b": 2707597
                    },
                    "919635e214f16425e1fd274fc56187337801677bd05cb6cb808154a5": {
                        "319ad1f83ff861181fed11af408118e3ae": 7199122,
                        "915a": 10881053
                    },
                    "919f25852e5d000e30c0883c8eefd00bd5a2a4cb4da1d478f812a2e7": {
                        "7e03d183": 12675660
                    },
                    "94812e1a67219967475e23da4ef4bb3cb3a1a5c636db27ea0081336c": {
                        "8da99d4898d6400e24": 3910134
                    },
                    "lovelace": 9081533
                }
            }
        },
        {
            "09d34606abdcd0b10ebc89307cbfa0b469f9144194137b45b7a04b273961add8#662": {
                "address": "addr_test1xz7s88u4da9nqte6km78cjavxdg22s85ftup4pyjr9xa9ss5sg232khlcwrgn50750wcrkhrkkahge3eygxq9myv239qv68gyy",
                "datumhash": "158d499fef5c013842e1c2fd870a0724cdfe4ef9d5c01675108ef5e9c8c763be",
                "value": {
                    "467f58932b54910584a0e8ea25a225e06a14530b2e96e938c53a3f22": {
                        "cc04": 2691332
                    },
                    "4b279a388de46bb4d33c4df64da357640be900b04625a43651b7b059": {
                        "3c8e36f2408084970792e5d9871197348062e90ecd013b8f0fd747": 9176637
                    },
                    "4cfcdd3101c6b15a71cf3de4bae8c61b5c16fff90099f01e79492338": {
                        "": 9336997
                    },
                    "lovelace": 1137343
                }
            },
            "0a420b072ce72f6a6833576ffa74ea21dcca4ce7c025dbee7b1dae478cba6f29#896": {
                "address": "addr1yyrks295dydmuvhkctxgsmr9l766ehvynke63ttegdm0xm5jh7yknfykywhk3xjfscdd7a3ekf0avc7f2uelz3l5fecs6py5ku",
                "datumhash": "158d499fef5c013842e1c2fd870a0724cdfe4ef9d5c01675108ef5e9c8c763be",
                "value": {
                    "04937d5d17935add51d3c7c2fd75e9256f5e9dda071b8b85646655df": {
                        "b0404f": 2973079
                    },
                    "0fb2c57096165367d49491db222d5fc66d38f59be2c1cb467f002ac2": {
                        "": 12793147
                    },
                    "2d725128406dc832eb74c4709aca0512499b3c7b17e00d7cb2e6d1b1": {
                        "aebfe305b9c822315003232a4586a3533b3994eddfe622caa4": 4045713
                    },
                    "e36cac9d067342ad1d24bbcff93669c0d19d1d5b5cc80df3a8227a9e": {
                        "f6809dda932cec8dcef470307b759464ac5a7ac7": 16044868
                    },
                    "lovelace": 4273777
                }
            },
            "1441ed556856d6419cac8fdc62893322984ab2eea6c2df323c6325fb97467fd0#904": {
                "address": "EqGAuA8vHnNoueHNzHAEKn9N7zt8C88yQJwg5kgKWYfmsyqC51ajFiDFUTjeu3FT7HDjH2EPuJDF6Tj7PScir1aYENoCDbdsrrhhttqzmTrpwxfxZG9rpfg",
                "datumhash": "df5078aee07dd171a343fb99d5fc1b5462fb3c94d82bf72dc1b77d9c0aceec29",
                "value": {
                    "076828b4691bbe32f6c2cc886c65ffb5acdd849db3a8ad794376f36e": {
                        "bb8aea721b9feef977686c1088": 9246548
                    },
                    "105a8f1bb56444cacc86378c95421aceeb326b0fb7743e493eb82fd5": {
                        "38bd2370": 10281211
                    },
                    "143987ce3cfc19b354f9a35bbea806c91f8559c8cf5e52a8a0c86a59": {
                        "1cdbbe0180ac": 16661818
                    },
                    "1920e782f048e9ef52acd89c4341a89c3908c6e046ad87c474fffb48": {
                        "": 3750440
                    },
                    "1a7d5e232ad01edfcd4d8d651b616364c11cdc041bb5b92a4a01575e": {
                        "00527fff485d2ab0771e45433c202f179947b46eca3b": 8435224
                    },
                    "22afd10f82bd984ea6a6f7e79427eae920e3af789e1939918693958a": {
                        "77f77f53d4ab5fd5544d1f25430dbcd807": 12517891,
                        "8e38167a37157d03e6e95e20242eda4e77aca08c84826a0d6748f662a2": 5112446
                    },
                    "2db8410d969b6ad6b6969703c77ebf6c44061aa51c5d6ceba46557e2": {
                        "b3c00c": 3557770,
                        "c5d6dfc0": 10598725
                    },
                    "3770f20dde5a84e5d1120e6f280de9a94a33876685f73529a768c9cc": {
                        "5c6fe918b299b3d3c46c9fe1": 4109073
                    },
                    "3d8b9373c3371d41035bea9c90880c1b5928df72a11a5d345b54b8ad": {
                        "6a0db585bd9d21b9b346fa33cec8d408": 16593183,
                        "c9935791dcafbc1a68b15a05068b3f1bc764b8a46dfeabcce343c1aa87": 9605083
                    },
                    "82ea038f9848480806071b8eb1c3f1f04417280892ef7520350c2cdf": {
                        "cb3291b45dd537791f1e3cb766e8119a2f8ee9": 11263622
                    },
                    "8f461954fe2f18fee1dca233f358907e643ff839ed1f995e4bf325e3": {
                        "89fe1eceb37c8ca854f04bd9efd375c8": 3073738
                    },
                    "9086a9e36cc020f01e6bf703b0b345b4be956ebffcd05de435ac39df": {
                        "87f2d56f": 8621181,
                        "c7a9cb13793da2": 11086969
                    },
                    "919f25852e5d000e30c0883c8eefd00bd5a2a4cb4da1d478f812a2e7": {
                        "c996274d96b13ec3c26a9eb21d70ffa5838b": 372037
                    },
                    "b16b56f5ec064be6ac3cab6035efae86b366cc3dc4a0d571603d70e5": {
                        "911bd765eae0bdce5400ea0cb804d8f709c6fc060492": 6704071
                    },
                    "lovelace": 13748295
                }
            }
        },
        {
            "0fd923ca5e7218c4ba3c3801c26a617ecdbfdaebb9c76ce2eca166e7855efbb8#915": {
                "address": "addr_test1vzgevd0zznckgf0pl5n5l3tpsuehsqt800g9edktszq4ffgt0gpu2",
                "value": {
                    "04937d5d17935add51d3c7c2fd75e9256f5e9dda071b8b85646655df": {
                        "c3eb6d4a5b9c0dd380d7cbfa81d8e5d49a336e11a9bc8ee3": 7054115
                    },
                    "0fb2c57096165367d49491db222d5fc66d38f59be2c1cb467f002ac2": {
                        "637cd40e2925500e51ee4a7199a6d2e0485830dff9bdc7aa": 9221426
                    },
                    "4cfcdd3101c6b15a71cf3de4bae8c61b5c16fff90099f01e79492338": {
                        "c330af30": 3905600
                    },
                    "bd039f956f4b302f3ab6fc7c4bac3350a540f44af81a8492194dd2c2": {
                        "8d6b0a28356e454b82": 14878027
                    },
                    "lovelace": 5226034
                }
            },
            "44e9e1dfd31e4c8c8e05d6db76912790ae9b2f989463f59f709cdd3df7393675#28": {
                "address": "Ae2tdPwUPEZ2YsgaGq2tLFjtgdDwwk1pVBy6Dm97fHDWUvXWDQLCeBmDzbt",
                "datumhash": "96b5f154b0afc62c6a91d756ee31dfc219d76c08ebd30341c198e7b22533745e",
                "value": {
                    "143987ce3cfc19b354f9a35bbea806c91f8559c8cf5e52a8a0c86a59": {
                        "8530e8f1f7321faf6dcfb3": 10720693
                    },
                    "245d5a7a06fe18358242e81281cd5ba9e6abe4efc54e7b659f25abae": {
                        "c5e3fc5bfdbc9e1128c3": 12754318
                    },
                    "467f58932b54910584a0e8ea25a225e06a14530b2e96e938c53a3f22": {
                        "f9679036d9a623f1b517ee75822550a240c4b9544da3": 12917139
                    },
                    "58e1b65718531b42494610c506cef10ff031fa817a8ff75c0ab180e7": {
                        "9443a220fcc81f6bf2230e3edd6f237c1a102e4db8b8fd66a1": 16381671
                    },
                    "65fc709a5e019b8aba76f6977c1c8770e4b36fa76f434efc588747b7": {
                        "addd31b138422721f881ab4399a1e6dae3f8b244b786e5847bce45a2": 10849815
                    },
                    "a646474b8f5431261506b6c273d307c7569a4eb6c96b42dd4a29520a": {
                        "e8db6c28e5db75f643dedb7aca": 13619146
                    },
                    "b228c0a454a78025b37a293ec9f7c7e4510f193328527cd47ff8810a": {
                        "e0fbdc7fd4875ce948d9c978502ec1743e470aa4b19187ef9e1e81": 13373213
                    },
                    "cc7fde757317239573d01fcd76cca07f5b8d6f3ffa347be235c5aeee": {
                        "73e69cc3c1995503a1528f964c259de97823081a5126a67463000a4c": 6631536
                    },
                    "lovelace": 6886194
                }
            },
            "4c54f47d69e097eed691c686ac18444a10d4abe934c311d0fffba9a3928f9e71#991": {
                "address": "EqGAuA8vHnPG13hG2fkB3UeBq2XHocRy9QEUeHfqCT5umgU4FZvdHPqLJh7JfMuhuadECmWBP46dundhC9xXLK3vcB6ny68sZ3HtYu5CGebGLXHUzTU9Sga",
                "datumhash": "44e9e1dfd31e4c8c8e05d6db76912790ae9b2f989463f59f709cdd3df7393675",
                "value": {
                    "0b11b1f3d6d5b9fc521c4dd0f9c3dc8d1b156b5fd99b13669cacbdf2": {
                        "7df4ef7e022f49ce320f9b9e679c2e9e465bf1a5588fe4735a10": 4166078
                    },
                    "143987ce3cfc19b354f9a35bbea806c91f8559c8cf5e52a8a0c86a59": {
                        "b7f66f6376fa88bd32c92c34568c48": 1005820
                    },
                    "1920e782f048e9ef52acd89c4341a89c3908c6e046ad87c474fffb48": {
                        "919138c012cb6850adce17910b0742": 2837501
                    },
                    "22afd10f82bd984ea6a6f7e79427eae920e3af789e1939918693958a": {
                        "0c5914e757759b84d783": 5593941,
                        "60f5feaf9326305af165c999aedc1d33a473df6aef0809486b": 16350798,
                        "efa2a9459110eb8e5e": 4846578
                    },
                    "2d725128406dc832eb74c4709aca0512499b3c7b17e00d7cb2e6d1b1": {
                        "153cc197054c77e02d6dfdb154b1a7f441d97d9ecf": 5360767
                    },
                    "4b279a388de46bb4d33c4df64da357640be900b04625a43651b7b059": {
                        "6eef483313": 8082078
                    },
                    "4c21301b7d9035bb9c6934061a30bf21a8988eede2182e64b6dc0ff7": {
                        "33578b965bab49": 10429442
                    },
                    "4cfcdd3101c6b15a71cf3de4bae8c61b5c16fff90099f01e79492338": {
                        "63278c0c9d69590adb747631f762efc5f84c": 2873480
                    },
                    "lovelace": 7098628
                }
            }
        }
    ],
    "seed": -29969010
}