{
    "samples": [
        "2485af1de0275338a9096ae9bfbec4f19d646412f468ccbee9e27f0680380580",
        "4580172ea6acd3d4e6855873ed480a02f4a0e491666c92cea5b1f69731655b7d",
        "dc670479fa3372f2ade6dec48cdccd80f3438d40177b0bf3199a24d9558fb146",
        "567811ae19ca8d198a86a4523d73fbc408d29eeffdfcee839680daf4b9f61e91",
        "f66fb4f5989fb6ff34a46752d328e2b8d21237ce65e0a1d30998ca3f6870224d"
    ],
    "seed": -1449027963
}