{
    "samples": [
        "36ad773bfdc9cbbe21e8cd24dc2dcbd90b9f8e5f661588254941fb40bc1b8578",
        "8e5e1108ae55f6e2060e9c87e104a17a4ce328a64ea80da4f61b45021d58685d",
        "2d1328678d2369c402b66c1d9ff436ddbb29ac434b2a4bbb14b66b15140ea827",
        "db0c63b1afb317dbbe4a507ccd53a96ad93a6f29e4f1f92e1c2739bf558695a3",
        "5134793486d7a39de7d79ae621a067516903611bb136258cddbac12c6391f922"
    ],
    "seed": 1238665443
}