{
    "samples": [
        {
            "addresses": [
                "8200825820fda717150eff928d0c7793143e34f01d2626403f092d82de36f1fd26cdf1cf545840208c4ed6fb6ce456ba7a496c7837221373b3c2b125e2f860bf089a1d00490a09a0f26f87c5b381bab43dd7a73f625c1a427efe7ec7e85220ba36de3ce80ad570",
                "82008258209c3ac1b650220bacd6fd13aadef36d82f329a18dcb92915491d7dabad4dc1cf15840df08326e8a6b156849a0a802b1b0ecfd828c113939903b85490bdb4bc2afcae11e29a015443b5f3ef05277dff56e5eb5fb030a68b94dcc64bc23669b92f6bd5c",
                "8200825820fd74a9be460eaca893a6d732ce6a80cce4bc393620e7985412f0593ffa6176c458401baff12bb78b5c56e014ec7da005e6807e79c90f9be4c07b845ca106a2f2576a144274bd415005d3ed92ce80fdeb42c13b90cd936f9b107ae8b5ed89179f5a38"
            ],
            "scripts": {
                "04c5494969a9cfeda9e29c04d81e0cce026fb496cf0deb2fa509a6fe": "8204199d99",
                "0949d6dcc1ffda2d5645e25377f975354cddd0e97bbcc326cf192697": "820419c9cf",
                "19ddd2d8bf32fcb72212c55dbf32ce08bce106514c27bb88b20dced6": "8201858201838202838200581c58e1b65718531b42494610c506cef10ff031fa817a8ff75c0ab180e78200581c4acf2773917c7b547c576a7ff110d2ba5733c1f1ca9cdc659aea3a568200581c65fc709a5e019b8aba76f6977c1c8770e4b36fa76f434efc588747b78202848200581c3542acb3a64d80c29302260d62c3b87a742ad14abf855ebc6733081e8200581ca646474b8f5431261506b6c273d307c7569a4eb6c96b42dd4a29520a8200581c76e607db2a31c9a2c32761d2431a186a550cc321f79cd8d6a82b29b88200581ca646474b8f5431261506b6c273d307c7569a4eb6c96b42dd4a29520a8202818200581ca646474b8f5431261506b6c273d307c7569a4eb6c96b42dd4a29520a820419810883030181830303838200581c76e607db2a31c9a2c32761d2431a186a550cc321f79cd8d6a82b29b88200581c4acf2773917c7b547c576a7ff110d2ba5733c1f1ca9cdc659aea3a568200581cb5ae663aaea8e500157bdf4baafd6f5ba0ce5759f7cd4101fc132f54820285820419c2888202818200581c0d94e174732ef9aae73f395ab44507bfa983d65023c11a951f0c32e48204193f978201838200581cb5ae663aaea8e500157bdf4baafd6f5ba0ce5759f7cd4101fc132f548200581ca646474b8f5431261506b6c273d307c7569a4eb6c96b42dd4a29520a8200581c4acf2773917c7b547c576a7ff110d2ba5733c1f1ca9cdc659aea3a56830300848200581c4acf2773917c7b547c576a7ff110d2ba5733c1f1ca9cdc659aea3a568200581cb5ae663aaea8e500157bdf4baafd6f5ba0ce5759f7cd4101fc132f548200581c0d94e174732ef9aae73f395ab44507bfa983d65023c11a951f0c32e48200581c3542acb3a64d80c29302260d62c3b87a742ad14abf855ebc6733081e8202838201818200581cb16b56f5ec064be6ac3cab6035efae86b366cc3dc4a0d571603d70e58202858200581cb5ae663aaea8e500157bdf4baafd6f5ba0ce5759f7cd4101fc132f548200581c76e607db2a31c9a2c32761d2431a186a550cc321f79cd8d6a82b29b88200581c0d94e174732ef9aae73f395ab44507bfa983d65023c11a951f0c32e48200581c3542acb3a64d80c29302260d62c3b87a742ad14abf855ebc6733081e8200581c3542acb3a64d80c29302260d62c3b87a742ad14abf855ebc6733081e8200581cbd039f956f4b302f3ab6fc7c4bac3350a540f44af81a8492194dd2c2",
                "378bd366c97691ace774c688a688c6b05a780d5926edc03e4d815c5d": "8201848200581c3542acb3a64d80c29302260d62c3b87a742ad14abf855ebc6733081e820519c42082028482041967e6830301848200581c0d94e174732ef9aae73f395ab44507bfa983d65023c11a951f0c32e48200581cb5ae663aaea8e500157bdf4baafd6f5ba0ce5759f7cd4101fc132f548200581c3542acb3a64d80c29302260d62c3b87a742ad14abf855ebc6733081e8200581ce0a714319812c3f773ba04ec5d6b3ffcd5aad85006805b047b0825418202838200581c0d94e174732ef9aae73f395ab44507bfa983d65023c11a951f0c32e48200581c65fc709a5e019b8aba76f6977c1c8770e4b36fa76f434efc588747b78200581c58e1b65718531b42494610c506cef10ff031fa817a8ff75c0ab180e7820519927b8303008382051a0001405b8205193ba58202838200581c76e607db2a31c9a2c32761d2431a186a550cc321f79cd8d6a82b29b88200581cbd039f956f4b302f3ab6fc7c4bac3350a540f44af81a8492194dd2c28200581c65fc709a5e019b8aba76f6977c1c8770e4b36fa76f434efc588747b7",
                "94a34a25a28ded00d46076618310b549559ac6176e42420066e9625d": "8205197d0f",
                "956849dcf9b78c160c157f95d21fa8a4c757de435d701b67584be4fa": "820281820285830300828200581c0d94e174732ef9aae73f395ab44507bfa983d65023c11a951f0c32e48200581c3542acb3a64d80c29302260d62c3b87a742ad14abf855ebc6733081e82041a000114b68200581ca646474b8f5431261506b6c273d307c7569a4eb6c96b42dd4a29520a8202808200581c4acf2773917c7b547c576a7ff110d2ba5733c1f1ca9cdc659aea3a56",
                "b9080cd781e4c1b19605c254a324393b00b77d8b8deb20e237c100d8": "8200581c919635e214f16425e1fd274fc56187337801677bd05cb6cb808154a5",
                "d531fe2a71dffcac86e93916af92a5e580996b390728f08a3d9f0db2": "82051a000168fa",
                "e8b0c20ca7081d2b58572d63bd9408dfb4c85f95a610369c747d16af": "8200581c3542acb3a64d80c29302260d62c3b87a742ad14abf855ebc6733081e"
            }
        },
        {
            "addresses": [
                "82008258203747e5509b33c547f74e63277c912a4191cf5641fa027a2e88cc2490400bcf905840beba8d50c5846bf52ad5f6ad358bb3dcb0113f911360f4f2afc5ae6752756bc8b3f1d9c7734eb1a039916f56dd13eb8fa77933def495c9f9f6c74223f312acd5",
                "8200825820d53fbe873a07270b466942b618ce9df4fa5b86bacb87b4f52385a1fcdf21fe1e584069cf00a101d4027ccf4fcd676630d2ee2751653933b90eb9b27f1996e28e9d7b52a2dd71d6f775a44cb66886cb9e628d06e7c1f413884313b44c0a30f8c2ac90",
                "82008258207ca9b72761871ef9173947d724e3cb4ab7f856bc4a3896f7459e08fcadf883a15840b9803412a87600632906ea8001ae9f8e3380c0d954eee548b166d9404da917704b0cc8154a6b392ad71ae7beee7b5cdad7e8c44a1c3345f1c0d3f31337dd7465",
                "82008258205a3dce6ea60a0e6ecb6cdf9dae0364e4a4540655b3fa700a577c7b2ce6cec26458402154322d33c33e1bd65da272536b7c5063a5a7f84e026159497efce51c6e9fd0b7040c594e978bde280c493efaf5837ad412d4ea8b93dcc94d30eeb9bdcfdcef",
                "8200825820a4de2a1e18d13c389bac65927820431a588819342999e1ec679881e8427db4db58404fc33d71f1794f214d77631b97cf02c3da798ee2c05681dc932aeeb05963860385cf50d87fbc808918eccd1d8ea86d5573a37000d0998a1701120eea4d703d77",
                "82008258204e9edc51abd0ecd2b0a140616f36058bbb802d7668454ace815ab0cec8f244245840f13729d98fe64e27bb0b65b9712eca71d5e2e231fad3a32e8da69c62de294c0fa9e2701cb5e70012b30e0e61d860a9cc1cab80a76d2c0385cd20260ad9919ffd",
                "82008258203d08bec69433734b0bbafdccc805e248afa8902ac072b6c867af2ecea18551805840499106e580b1109f0b37133014f3d291053e68211e6a4920bd010db403927b44ce6475ee3a5505a904b28342d02b5847a184952dabbb252007a96776d46d3def"
            ],
            "scripts": {
                "b464be632208a437f9a7ea7c6702b7133ac87a9499d7f049e8096b9c": "8303018282041a00010713820519429d",
                "dd38dbf3ba9e950eb4a35f49c6fe00ad0495eccc8007f14a4e8d9d78": "82041a0001069e"
            }
        },
        {
            "addresses": [
                "820082582039e2b8f221cdd35d73dcb7c96354470df37eb9a88cd57f0bedfefbbf2f22b0445840178f68f37595948e05c70bb8bfc3cde368f7bc6672ee27b10cff9be92782caa59be716096044d55932f24273c037bf8e2941501f8b2d90ba38bdf705ca8d2f91",
                "820082582081b0c7803b7dcb65678dd33c33935272919beeaf739d150ca9a3bda18110ceb558407d4d87691264f2a6283c6bdcf4694e71f294009092bc37f14b8a7f8bd203cc5a9d35d10961c614beffcb94418c7631a9e5e077173cf37bed783999391562b2b4",
                "82008258206b6b80b7d1756b99a9e05280e2d0df9fc6d6ab7cd0d975540fdee5fa73e0aa725840b38ec6693935b3f6ff5c1f75561d77162d9de3fcd4827411b19611c0b9dca1c6107adcd67599e93433f2b8263050319b5f4ef3bc946b1ecc531191ac16cd5b39",
                "82008258205d3934f04c24eed86ef46b3b133c872b0c23ff142589e44b17090f7c9667615f584074cf3c50bcb0fe8f2f77b769cc997a8c65a81ef003aa6e98c29e338d838a239cc40f60dd589a341dbc2adb121eabc13be6d0ffdf792411bb88ab019464072058",
                "820082582011eec69bb3c7dc11a72f9fc9128ef032fbe13e7d07b1f3c7cf908ac9a2e6dae85840904832739a951b2d7a30740f08cf10d449699dce281bd67cf883c5d9f942d50a712a691aab6f8cb504b7bc094b87ed0625ef79c7c0efd0b8c603bb1784e45d17",
                "8200825820373355da1d8ac6e19953c80c675488a225cc4a4e12ccd2822d159a3d0b6eaa1f5840ff3fa89aa20663f2d0f7b9da9bccae4daa8bd6bddd885ef424aa1bd74d60ca3f6909811fc914824a986462af9966a3ab80149423800e07ea87a33987e6cd0e79",
                "820082582015ed19483381f61750ecfa3e89eae52707369606008eddcbbb5e84066dc24d6c5840a752f22d1bb964eb8a422942becfe97bf09b6cf243050faca53d92e03ab040ed10f281be19069bd28fcbb55a6898eb0460b8e4c7a710411e1931e68a86a93cc5",
                "8200825820f7f7cf70c3f93a61aa687f572c44335b29b015c4b2426310a3b7ddee23456cfd584042ff8190140b2717ff30977a3e645a7c4b58b4c9de425d19ffa4a45217a93e9c726e567625307a606b3bacb1b8d42da2b9ff4e684d0969bf4654dcd16b15ea54",
                "8200825820c7a7528e9b68ad692bd64fbe5bd0ea6f5c22660bba858d382784416ebf2d4a0f58403f29e68375d6c67a175b698f20097f880b9acbfa7867e934ee2240671e0b4898e14ac174b39e1d08221d8402bc1b7be10622ed5b5d285648427d3e2285fac634",
                "82008258200430da85ea74ab876118063df1f2b0334c7076b796cf497025b965c738ae5013584069a93dfaeb0a82b7640eb929c0d95b400900388087973659a20c7dce651315495eac557320d7ab5e6c60357552dc66a7168477add9ab3f73de1c6108b8559e87",
                "82008258201abc52e5000f07ca715218dab46a5f33160873c399603d363371ecd2119985bf5840eb0b0f1313db3020831231582972d3e3e6e8d86ea7330593d39d3f94fa80ac1be20419f85230ed80497e124e362fda9a5a82aa2a4d437407a7a18e8f9017fc7e",
                "8200825820eda1e105fc1742bfb01cc2735fbc944b2fc763d15d32b5887bfb4e39e4646c965840b0696322079afe08345a298fd31e490fef96101e90a4fc3a22713612ae41169b4e6b7ee302c4f893c2274d219c16d09288df35a93ca76b9126b89b24d867bc0d",
                "820082582026865bd8aff6c57469a9c4ec6d28b979b7e08ca266e5631c22bb0f27dd85840d58402ace65dd1f3733319e3993bf1fe89e95bfb8ea688f302fd90e3558b7d81ae1d8c8a0c394443da6380f4bf281fb5b3707aa72001bfd1b168b29f7296ab653990d",
                "8200825820f5b2d138d72ad1b98c3ff04792814184db4091388b88899fac9120f4b51d9a135840934614ca909cdf5ca9e1b966bfc1756af6d5c63344b3ce3d0a7fe643b26271040a8701e9ca79d6e301f61dff0c57fb9d00923ed7c4cabd6c96f843ba930f9bc1",
                "8200825820c2b6650c7474ef5fce1de464f2daf18910ec53fecd6ac8c8353b4e7cabb3174d584015c2873771ad0874a1b1856146ccec33708ac024f3cc63231647d092d44c49409dbbe014d2a36cd497eae864ab820cd065ea2bdd4c1a2cb59af3e79b76daaa22",
                "8200825820e6112c511598b8f743263363ef69beb97dc0e73bfd137131fe18ca78f78c817458400af01c40da5d8d6278e29e6c0e4fcf0faad5a0daf5e5023e066245497cad7f309736ae81a60d2714305bb0c8c3873c038fd30b60e5eced487bc6490054c45407",
                "8200825820d4b550f792a3c018b460f0f228321365a54f36b1bd45a27ce76a834e82850ef65840294f96e1c78cc74304d51b0441dec585cc3f690accf2a70656180ce060414baf6e1a64588430b15e3134e86e658efd87435b477d750c036f2311ef54af9a531c",
                "8200825820ca744dbbb14752cb1f932e4b9d3641fb2643fc1131f2805d2fddfcc38bf527e158409ba599186c50951c59c9ebfa449ddf07e0dd486b6a93e16be294365c8d3390efaa748f92edecb95de3161732c54854e5b7a94d1655f75880ce525e9a3cc7a438",
                "820082582031863886210b3b72946b42090bcaef44fca40f2efde384e8e3351a29951a1151584085f5a6181d8c86bc5bba127843884fa4eee633102c0ad5d0bdff2614633e35fc68c6c695e0bce97d5299236923ecf15dbff6dd004cd3e49e3fddf5b1402d8669",
                "82008258200cc2cc500aa354e9954dc1b3e2a9b0ef950000381fbe3020d551722d78b473175840caa9977fa6e7ddd8e166249b91356d4e0785fed611bca8a336767c9ef9d3b7e03a437fe9f3aa939a0e0475693b519c72fff15c8d7830e4f01040c45c3d5f263f",
                "820082582021ceb76c0a923fb4a8de9042a07e373010381fc2166ed6c14dbf806b6e0dbcd558402406e9bd718bf08268c60f9cb466ddc5d8168a05fa49e9b76205194115d1bcc1ffb8cfa4aafb89f8329444ac6ecc57658551180282a7a03e3dc948a84ba80cb2",
                "820082582046fc9b20f5822f0df6b11ffa128801b914fbc2676cf1819054a7938e479be6cf58402c7bf6467643f329842e58e06ec07d33d9377400664d746aa731aa4ec22e63f239c4a461124ec128c19d3613ab9f70bab764ea0e32ed2522ecf77a5bb7dedd01",
                "82008258202bc6e88b83635e693f668340e1326c6ec57489b1ff43adc2d1df2c6b6ce0c3ce584033227d7d597daffc4b4babaab2ca29b85424f37d72f426d1d468673098d08e3b3c2b10fce3925f0747b1aaec6ec4b6aa16c087a80b8b2089464a7a0ff5fe14b0",
                "820082582004f898c78ed7213c32e3fd1dd198d3a5585af81aea84463ed586788824a5077258400648c5bfb1995060b67b45f08b72b21f774578517f5df20d778c1f5599ed9b27d518cd1e7f6958d6983429fb49c1930078c776c28bd42de52da7cb39537183af",
                "820082582098f2504a3759d496172835ad61a611865dbbcf1e1c6190015253fad56d2a63a05840b308c821e31f0b5a376b7f955b2de315b6695f9e46085cd9c7bb48fb345212f066fa08f724f8d1844f4a3768e59ac10c333451ac31e73d7778c2b1606c4c74b0",
                "8200825820a5874db6ab9b765fc8f76590ebf6ecec228792ce48e8e72c47978b169a0ec7285840bc2e0b9c5044f7ea7fda0d20d0863d90e9c148795cca68008df11aca0dd1c4777dd72f0fab43f47adcf8e02e6b0f9f1bf5a8c6f3ec441506ca99fba9fd3d6cd9",
                "8200825820ea63475acf4cb288542c173617004297aa7a3e8128d3e20028d91811344f8eb85840314aa43a7845330c95e63764c91358b901b2717044c4303de1bdb612977c1b144c62db092c1ac1fcb44c6c9c413ee89d7c3727d14a6712de023a4c9a22989528"
            ],
            "scripts": {
                "2e86770dc1b1c310732d8e6865f1a8fc75bfc08e7d1fe79e8a7875c7": "82051a00018077",
                "3411c5172c9c2bc0ad9d2c3ad00bf660e3da2959c5a4abbcf8e3ff12": "830304848202848201828200581c0d94e174732ef9aae73f395ab44507bfa983d65023c11a951f0c32e48200581c4acf2773917c7b547c576a7ff110d2ba5733c1f1ca9cdc659aea3a56820519d8fe8201858200581ce0a714319812c3f773ba04ec5d6b3ffcd5aad85006805b047b0825418200581c0d94e174732ef9aae73f395ab44507bfa983d65023c11a951f0c32e48200581cbd039f956f4b302f3ab6fc7c4bac3350a540f44af81a8492194dd2c28200581c0d94e174732ef9aae73f395ab44507bfa983d65023c11a951f0c32e48200581ca646474b8f5431261506b6c273d307c7569a4eb6c96b42dd4a29520a8205193d61820519f00082018082018382051914da8202838200581ce0a714319812c3f773ba04ec5d6b3ffcd5aad85006805b047b0825418200581c65fc709a5e019b8aba76f6977c1c8770e4b36fa76f434efc588747b78200581c58e1b65718531b42494610c506cef10ff031fa817a8ff75c0ab180e7820180",
                "5a1a5539ca0a1b00b76d1b60b3d889f0c04c8635d0fa718e87cde476": "820182820519174482028282018082041a00013e62"
            }
        },
        {
            "addresses": [
                "820082582030f6279f8af24e3133c8fedb49c169aecb4b3fdec9c4842abc216eb244f51b7958407732e1f5319da043eaac09371d972e8d6468e97bacf850c80673e0ee6da660787c2f27cce60bb5bda29f1b88f07d1d2a51744a37c237a17f7964446749c386a3",
                "82008258201af7270015f7be7a1236fc129aa94ac3e626affdc77dc193ef6ec2f0636cc9f35840829bfb83b635af9e70734f9b6eedc6a2bb33485559ab889720b04ff08daaa791ed341688767a118b30fb1286db188a9c408a8a7b0919f43462f7ec933795aefb",
                "8200825820547cb8d7a952884a09893d18585078712e535f4baa02876bf71b9718b9dda3c95840e3ec09a063994ad3868a22f6034b40a6af85770dd447b3fe147c92b939347fc455d03d2a1df00b3fbe81be1753018d1af013c99aac18558571dff5af72716f8b",
                "82008258202be11756a0ca447573a642e255039ef6d359d313c708ab4109db151c7503689a58409f419fc93babb5322fd994a595800c89429e68c6e1cddd7b7093c5d808196541578cf633e80fcc264abf6b4540c59831f348a6c9ea55bbefb33323b2f4acf6c7",
                "820082582018acbfdee9a9aca3010f83077b504a233054928d457075d976ab93ecb4c10de2584038238f748abd5e3840b067e65ec142dcc9f1baa307b1763326b8c7373e1f417b9da8a18c625105d0132b2b8125db47621c9bef35e10d2326753a7156336193e7",
                "8200825820df78297ffd21726391012e2fbe9adfda0bc322318de181c501d21a7ff14e27c058401e0d200cbc4f3bcc6e2e78202adaf3bc1c975723bb87d26fc3e3feea55d9d5877b616c425c4ef789480d2e162134b61a64ec748e35b8bf5840b96aebea12cfbe",
                "82008258204f6c3494789d82f246372f8a8db84bd89340fe524484d5f5ea07a414a021cf985840f2c51e89733d8038d3a4ced5d5940656531fd83a7e83d9e974e6a856b68b839493c04579e632f7a1480cd19f6700b406d0aff97a60d292793a2dc21b9096980b",
                "8200825820759f428fa707a01ad183f460fd3d385a4a7762b0e82beb6bfc3645ef745663fc584064a782f80a3bf1cebbaca3f7ee8b642c64a63c4dcc5650f97ddacb837f41ca96e3a5018234dbe3420906eecde9ae41808b55098e0f28fc59e3e7eb490869217b",
                "82008258201e13515ad828d018c1d2f86a90c69cb324d6563819d60995ac3926e842ee563e58403a27b00ab02d8c0e62b823635a96160d212ae10c0718ca3bba3934177e580faaf1754a9927069dc3bf470c114ac8e732604a25a17577e79451fbdb0e33808107",
                "82008258202178531838fd92d749dbf15a91a564c885bbe841c817879feaca6b80c07c681d5840e61c7d19d85c9e7c8905ea73202f57723d3edf88f441fdbdabf50d48e77c6525e2d4d021ecc63b6128e78e39bb5ad262ed75cdc1493bd5d62298af7edba1fe84",
                "8200825820af6ad35926492a380f3d883baaee08d09031d7fa8c1da21fa30616c3cf6815de58406f2fd39dcc05b3fea4fdb3193c4e95c46fcc2c029c36400bca81d2c6292f620e3bf9f060dd625b72ea3e769c2933b068673867546c1ade3e0d705336e580ba29",
                "82008258202ec87042b08ac73a957237b9faed7ae8e8fa9ed1d2d194ea038d3a33d70239ba5840e3356fdefff17000531c5e33abb0763eb7e7036ba50d9a548bbeac02c09f662fcedbaaf867f089e805fe5afdcb56a57c7975cfe1cd3c0f2dda57ac593760f112"
            ],
            "scripts": {
                "154ed985294fd49e0394609fbf17781b245eb74ec714b9557c9a848c": "8303028282041975228200581cb16b56f5ec064be6ac3cab6035efae86b366cc3dc4a0d571603d70e5",
                "22a0935d8ab826f2647db5de23187783dc7d3dc1027ca61e44650b7a": "820183830303858200581c65fc709a5e019b8aba76f6977c1c8770e4b36fa76f434efc588747b7830303848200581cb16b56f5ec064be6ac3cab6035efae86b366cc3dc4a0d571603d70e58200581cb5ae663aaea8e500157bdf4baafd6f5ba0ce5759f7cd4101fc132f548200581c4acf2773917c7b547c576a7ff110d2ba5733c1f1ca9cdc659aea3a568200581c0d94e174732ef9aae73f395ab44507bfa983d65023c11a951f0c32e48205190f2f8201818200581ca646474b8f5431261506b6c273d307c7569a4eb6c96b42dd4a29520a830300808202818201828200581c76e607db2a31c9a2c32761d2431a186a550cc321f79cd8d6a82b29b88200581ca646474b8f5431261506b6c273d307c7569a4eb6c96b42dd4a29520a82041985a7",
                "28e0043b7b4deb6ffeb7a1f0ce10147d6f15247baa8e976fff4ceae6": "8205190615",
                "43407003b6f49d7ac8cc7c3fa1d340819d56cebc09839d0db1395ef6": "820281830302858202858200581ca646474b8f5431261506b6c273d307c7569a4eb6c96b42dd4a29520a8200581c0d94e174732ef9aae73f395ab44507bfa983d65023c11a951f0c32e48200581cbd039f956f4b302f3ab6fc7c4bac3350a540f44af81a8492194dd2c28200581c76e607db2a31c9a2c32761d2431a186a550cc321f79cd8d6a82b29b88200581c3542acb3a64d80c29302260d62c3b87a742ad14abf855ebc6733081e8201858200581c76e607db2a31c9a2c32761d2431a186a550cc321f79cd8d6a82b29b88200581c0d94e174732ef9aae73f395ab44507bfa983d65023c11a951f0c32e48200581ce0a714319812c3f773ba04ec5d6b3ffcd5aad85006805b047b0825418200581c76e607db2a31c9a2c32761d2431a186a550cc321f79cd8d6a82b29b88200581c65fc709a5e019b8aba76f6977c1c8770e4b36fa76f434efc588747b78200581c76e607db2a31c9a2c32761d2431a186a550cc321f79cd8d6a82b29b882041a0001627382041a000154c5",
                "52dc3d43b6d2465e96109ce75ab61abe5e9c1d8a3c9ce6ff8a3af528": "820280",
                "5555ad64996c588b78057eeb54224b227b9a5bd3845f1c48162950cb": "820519d4d9",
                "5b5b3570cbcd249248d41a8aa42c4073347a5b0030ab3c839234425b": "830300828202808200581c0d94e174732ef9aae73f395ab44507bfa983d65023c11a951f0c32e4",
                "6de2ddbe4a0f561b04030987ef03604d5ff0f4338d7533f416fc6440": "820281820419a9d9",
                "6f624a7dc309547739a09001a929a9477dea7263f73541cfb63b4a83": "8200581cb873538bd8c643a30fb0b24eb4d9e2d9a34624c181ac48a7aab24d12",
                "759cba4b68cf030c3e5db3ae70117bc68f18c8c09c4a6941046ecaa3": "8303038582028382051a0001597582041a00010173820519a35f830300808200581c4acf2773917c7b547c576a7ff110d2ba5733c1f1ca9cdc659aea3a5682041910278204199db7",
                "7725c9eac2883d2242203e4fbbe9f40002352840b557abda53b6d7bd": "82041a00016f58",
                "7bb5f48cbd54c65f4517c856ac95414c4442f6bda27ab032ad03b3b4": "8200581c1920e782f048e9ef52acd89c4341a89c3908c6e046ad87c474fffb48",
                "852febfa559dca4f6e17a1d20f83cccd3740504e0b519a87c7e9b294": "8205196b30",
                "bc8763c23b7fed7ae1907db4dd63171e06664c330d0627daccfdd2d9": "82041915d0",
                "cbebc44f6969e50bd6c396959c2af81c98c57bac71fafdf40689a9f7": "8201848303028482041a000163eb8200581c3542acb3a64d80c29302260d62c3b87a742ad14abf855ebc6733081e820519f28e830303838200581c4acf2773917c7b547c576a7ff110d2ba5733c1f1ca9cdc659aea3a568200581c4acf2773917c7b547c576a7ff110d2ba5733c1f1ca9cdc659aea3a568200581c58e1b65718531b42494610c506cef10ff031fa817a8ff75c0ab180e78200581c65fc709a5e019b8aba76f6977c1c8770e4b36fa76f434efc588747b78202858201818200581c4acf2773917c7b547c576a7ff110d2ba5733c1f1ca9cdc659aea3a568202858200581c58e1b65718531b42494610c506cef10ff031fa817a8ff75c0ab180e78200581c65fc709a5e019b8aba76f6977c1c8770e4b36fa76f434efc588747b78200581c3542acb3a64d80c29302260d62c3b87a742ad14abf855ebc6733081e8200581c76e607db2a31c9a2c32761d2431a186a550cc321f79cd8d6a82b29b88200581cb16b56f5ec064be6ac3cab6035efae86b366cc3dc4a0d571603d70e582041a00017d3e830302828200581ce0a714319812c3f773ba04ec5d6b3ffcd5aad85006805b047b0825418200581cb5ae663aaea8e500157bdf4baafd6f5ba0ce5759f7cd4101fc132f54820419428e820180",
                "ceca99dd2cb804a4b12bdea5965498a633ef32af4de63f25e7f56f2f": "82041a000164f9",
                "d717504b918d1fda6c747aca5a7ebc2698b20d11ad29d4dcb2e8a34a": "82051a00016ced",
                "dca659509f3123f17a0add124f8a9b0bda5c14902739949f19cc58b9": "820183830301848205190d6c82041a00013fb6830303858200581ca646474b8f5431261506b6c273d307c7569a4eb6c96b42dd4a29520a8200581c76e607db2a31c9a2c32761d2431a186a550cc321f79cd8d6a82b29b88200581ce0a714319812c3f773ba04ec5d6b3ffcd5aad85006805b047b0825418200581cb16b56f5ec064be6ac3cab6035efae86b366cc3dc4a0d571603d70e58200581ce0a714319812c3f773ba04ec5d6b3ffcd5aad85006805b047b08254182028082028482051a000127518201818200581cb16b56f5ec064be6ac3cab6035efae86b366cc3dc4a0d571603d70e58201818200581c0d94e174732ef9aae73f395ab44507bfa983d65023c11a951f0c32e4820519b14e8201858201828200581ce0a714319812c3f773ba04ec5d6b3ffcd5aad85006805b047b0825418200581ce0a714319812c3f773ba04ec5d6b3ffcd5aad85006805b047b082541830302828200581c4acf2773917c7b547c576a7ff110d2ba5733c1f1ca9cdc659aea3a568200581c0d94e174732ef9aae73f395ab44507bfa983d65023c11a951f0c32e48200581c3542acb3a64d80c29302260d62c3b87a742ad14abf855ebc6733081e8303008083030080",
                "e43821bd41d5856fb0fde9448c4fa16da3be7736ce82b0bed20a0a99": "83030384820419a73f8200581c4acf2773917c7b547c576a7ff110d2ba5733c1f1ca9cdc659aea3a568201858202858200581c0d94e174732ef9aae73f395ab44507bfa983d65023c11a951f0c32e48200581c3542acb3a64d80c29302260d62c3b87a742ad14abf855ebc6733081e8200581cb5ae663aaea8e500157bdf4baafd6f5ba0ce5759f7cd4101fc132f548200581c76e607db2a31c9a2c32761d2431a186a550cc321f79cd8d6a82b29b88200581c4acf2773917c7b547c576a7ff110d2ba5733c1f1ca9cdc659aea3a568200581c58e1b65718531b42494610c506cef10ff031fa817a8ff75c0ab180e78200581ca646474b8f5431261506b6c273d307c7569a4eb6c96b42dd4a29520a8205195c0982051910a88200581c65fc709a5e019b8aba76f6977c1c8770e4b36fa76f434efc588747b7",
                "eee9ee7cc67b27883274557d2efbdc7ff54e1718858c0bd920731723": "83030081820182830302828200581cb5ae663aaea8e500157bdf4baafd6f5ba0ce5759f7cd4101fc132f548200581c0d94e174732ef9aae73f395ab44507bfa983d65023c11a951f0c32e48201818200581c0d94e174732ef9aae73f395ab44507bfa983d65023c11a951f0c32e4",
                "f07286fc10dd62f15969fbef285bd32955a7bcb53ccb103ebcc8913f": "82028582028082051a0001311e82051a0001332a8202858201858200581cbd039f956f4b302f3ab6fc7c4bac3350a540f44af81a8492194dd2c28200581cbd039f956f4b302f3ab6fc7c4bac3350a540f44af81a8492194dd2c28200581c0d94e174732ef9aae73f395ab44507bfa983d65023c11a951f0c32e48200581c76e607db2a31c9a2c32761d2431a186a550cc321f79cd8d6a82b29b88200581c4acf2773917c7b547c576a7ff110d2ba5733c1f1ca9cdc659aea3a56830301818200581cb5ae663aaea8e500157bdf4baafd6f5ba0ce5759f7cd4101fc132f5482041a00011fdf8200581c0d94e174732ef9aae73f395ab44507bfa983d65023c11a951f0c32e483030080820419ee8e",
                "f61387d64152caf5e4e29bd38158e2fa24e52d979852ee42bada023e": "8303038382028382018082051a00011e278201818200581c3542acb3a64d80c29302260d62c3b87a742ad14abf855ebc6733081e82051a00015fa083030485820419b2038202818200581c65fc709a5e019b8aba76f6977c1c8770e4b36fa76f434efc588747b7830301858200581c0d94e174732ef9aae73f395ab44507bfa983d65023c11a951f0c32e48200581c0d94e174732ef9aae73f395ab44507bfa983d65023c11a951f0c32e48200581c4acf2773917c7b547c576a7ff110d2ba5733c1f1ca9cdc659aea3a568200581cb5ae663aaea8e500157bdf4baafd6f5ba0ce5759f7cd4101fc132f548200581ca646474b8f5431261506b6c273d307c7569a4eb6c96b42dd4a29520a82028083030080",
                "f639d619aaf63e30c2a7151fae9b50d640c78d7d6de4abe5a604f855": "8202848205198db28202828201828200581cb5ae663aaea8e500157bdf4baafd6f5ba0ce5759f7cd4101fc132f548200581c0d94e174732ef9aae73f395ab44507bfa983d65023c11a951f0c32e48205198f0a82051a00017496820280",
                "fdf7cda135cc53243f2edeb24293b8c93b11e932b29265338e02d52f": "820284820519fb478201818202828200581cb16b56f5ec064be6ac3cab6035efae86b366cc3dc4a0d571603d70e58200581c65fc709a5e019b8aba76f6977c1c8770e4b36fa76f434efc588747b78200581c58e1b65718531b42494610c506cef10ff031fa817a8ff75c0ab180e782018482028082041977f3820419dada8201848200581cb5ae663aaea8e500157bdf4baafd6f5ba0ce5759f7cd4101fc132f548200581c76e607db2a31c9a2c32761d2431a186a550cc321f79cd8d6a82b29b88200581c65fc709a5e019b8aba76f6977c1c8770e4b36fa76f434efc588747b78200581c3542acb3a64d80c29302260d62c3b87a742ad14abf855ebc6733081e"
            }
        },
        {
            "addresses": [
                "8200825820c43f81d51fd9badb78137241b67027e6e34239a71822d2148c42380b0f1744c55840adfa171cc804a7169266ef213056e54a73c6064948c05117325f865b901de6052adcac56eb56a5ef03177b48cb12671f5616602474a85beb62a5b8b3f82ed436",
                "8200825820cbefa1b7a2f16aa638342d5ebe58bd0fb16eba8883c8c0ae5751f73a123e50f458404aab19b68d85fe018f0332d3744ef8ed953fee55e39d990184a105493add169aa6d51661813aa975e9e942d8399869840991015b0de9988ed707196dffb543b2",
                "820082582035634c375c98ad19a1b72913cf2d58474807250003d6cf95413947c4cd62587b5840ab571ec28dd49534265118d2b61527ef2f67e8ff9143f93a90605a5c95e10d7345ad6ece52e5bc7a2f6eef2e117f12aaed8f67f8bc7b41a78538f9ff5c38fecd",
                "82008258205da96e40b8e9a2b81bce80976d74039203bbc8cb340d6ce407b8056bb00521fb584018d0e988bb6f4ca80ceccfc671044770329c4a2b78d84d591c21ca03cf36279e95fb1370b18aefbd8e5656a9e869092f7332920ef3e455b3eee9f89f50d927b5",
                "820082582072939524ca45e89a84a5186a7f7c0db2552867259bf2f2382f6a520136f45b16584083effa2401c80aa7b6491ec57d99e89e638402731c5684554079461720ceed3c245d0e4a5c81e7cf3c3261c668621bd6d75ece10cab8284f779cc5d581733f76",
                "82008258208ad1173616bb6c3cec2cb1b940df56f0fd7540c05ea22cbb6ef608e41647cb54584041140a91816f4c4ec37060a11204b158eb4e17e91b1ec65aca9269cd5f26c9dc16a37a1d8851246dd8b7eb814db480a24f4ef1ea32287593112fb6ad20420e01",
                "82008258200ee0965c16e36b1adc3a772b96b31330d46cee01f446f31aca5f8d021b2b49aa58407af30a06a96e87506e0a57e81b8eca5be10b7c07d1e0b43deb59523ed868cbef2a32bc9b3e7ec2a85598bc5c49ab3c4b782dde4de5809087c7b02846b058b490",
                "8200825820093ee219c82bcf0f3fd208bcf513a19900b5522fcacdec16e88b330d9315025a58404f5ca6cbfdf97aab2e33a776904bba22061cbf0366fb7878826ba0d9b269a621ac0bfd15c39dec7fb29216ae50f419d8f9a7936277ab1884bea433090b53787f",
                "82008258200678a5ea9bbfc13b8730cf229ff00c031ea3499d2f8dddf30f5a5977225c398d5840406b7ded61fd43dce8ed9aec331d0c449c8fe17c958a9142540002bd0b8122f16008550f9d30030c6afba3b166da319e7e546223a4d691245b75c60acb76eb96",
                "82008258204eaaa45dab2b9ec71602058646bf971ec3cc6645f1a4c6b4752eac48346cf4a9584000d5809a19fd9b139e0986c47fdbc4371b521741bf661b313565624467de74a4d915556f7bf8f19395b4934620d43d1d1f2a076476553248286d5235baf6e406",
                "82008258203d59e0fe9c4ec177930276c0c281a5e32b6d327b190bf2d301baa378019fc1e658401a9bd9c14100ee1490dc3808c5499e3689dc7cafb5c8c3d7535d27e116508f3c9b368c6a7b1005b85e038c884d20839d37c410bf5b3bf29f39b93ddfc1a8220e",
                "82008258208727551fd8adac522faadf00d917d777221a715ee60ebf07bff372d787e634b95840048909875895ce03a9ca5884b26b1b4732507e789488c817a141602ed05571285d184b320a9142f5d1bbae304e7d29c9e11028d51904fdcd086b97868b6bbf26",
                "82008258202ab1e19462b96f7b7a61fa4aa90a569cc51ac077db7bc95285d3f8eff58ddee45840d39ef5545752579faf99e75934897a3ad6de509b37525a16b0d9f26e39c02585c7e2f0596b8eef3675df6a0244409113ca73678ef427703eeef3ffe0d93a7f80",
                "82008258203e7aad907a689efce6df0429db693d18a8ca9a6fa9ac371e03e6e4542c38204158404bf68fd4389f98ad4bd87418d0427fe1eedfa95f8f8918df84fdf739d303fd461cca896efd7563a365c6928fda8aa1e725183e2b90ea14b64f1a60d41cfd7959",
                "82008258203ff26e06877dc081eeeb0a426dc62f63db72088dbb8c6f3d7c2957b1dc6fa4f45840b57593fe87d7f7478e366513684afb8698fccee3ec334d2409c6e4d2a437b4045154ee4697bc66cc3f95ba1c550bce9c65e32d28b89a459cbef2ececdd3db974",
                "82008258200239f0c3da27726399614b0da787c013e56f3380050c89800c2dfae1cd7e40dd58404790c8308e125b8576bbb6ad9ce2418f70962839ea5a53f3ec17aac3cbd96297d040603d3fd9132f43c096fc578e0cd69473cdc1948ec1c53e11120626f25b3d",
                "820082582039593220d9ab0314db2e68c10711c4de2f12983581d004fab873d0ecb3a48eee58400399fc6c7dc6edeccf212324b511bb5b8f1147f53dc3dae3722f494a8629e91392074f9627c259cbd4a9caf564bada8844ba69f7e6aeb03daa1f7d77494d410c",
                "82008258207792af6ad78ae6eb81b03e1725a1988387689d240e61dff8358561ed6728be5b58406a12ba4690532073f707a318e406f115eb7799c39768ff57f41dc48bd12eefdbbb4ca480bd7c48abd74936bae3663f28fcdd905f9f3f0454c00ec64f2cd3619c",
                "820082582038c6e8237104e7f9dde84cf79178477491a75ef6107dcd60c8b4b6c61069e91e5840eaacf61f8e29b49d9d4a8775f04d943f39eb3ca8b9aff1ce55fcf37a70b200554f826abc729994dbd7b7d6ada00373739086c33547e3cc2aa1b5643f54352dcc",
                "8200825820648a435767936dd5452bce9c99a1b41e524285986ea3493982bf1620a65e5d7358404e496ef9668868126e1e4daa99f64a1936f60e84a29fc90bce98e5c3e9b9b6f71b13329891b21771122b1fbfd1e5ec74184d59a840dc83a3f5b43c0edf53cc5c",
                "82008258201f69fdd42d18f2c9398268a0cf73a33809e1aa91a25e25eb9d1d75c05bedeba25840305bb1446acc65e2c8798b999c8380d463a3cdb91e6b7ad8228c55c18e7a2848cf7fe1bdf0a892c8a43dea9cdc8769a891463deec05ed8867c52ddc88e28363c",
                "8200825820c618fe86d1dac4bffaf3af179ade232d102d58c4db9d5d2551851732f6d9cbd258408173ee0f26de8542ecee69ff245efbdb740b6bbcbcdebac2be13f0a82780cf37d1c4bd6ae0efb777d581f326c149541dff55ad2b4139c825962164c612a304c8",
                "82008258206e8958f1fcd7d6712231c5d8d2710860f73f61cd71685e7b49be97ffe576b5a35840c0b5b121aee45963e5a0e3c7e1b7c6dec1ffd2f95476c150e55fb815995b02e121ee44ac2de2757de4e98cb48f4131af1535c48b4b5a29c2aeec2461a016fbcb",
                "8200825820ce4e19a764a5acad7118a0451fec358a4607a7dfae323a643dcc9340d61639585840a46d09081acbc1c4517ffdee8c77141983019b0a671816d74941cd14b62fc03d6bb3e1dd806b799d3bea9d818d0be073bfe10cafc1386b2b444044e67ddddbfe",
                "82008258208e67a7dc5e9055c0c22358bc18a49d547b5ea804dddd2b48b4820e3ba21f54245840e3ba5a65371bada5ff52197616490981d4705be8ab0401251e0e8f61d4d88d20b4ad96207ed9efbc802fc7a6623730acac29d881e76c24815b04e3d22b86a4c0",
                "82008258209e51e23097e4d3f66684f23e4b8ed56a1d104b0d716bd244691dcefb0c6da62258400e2ef5e89711f2f559e65cf483dde404f5e1f01435ca80a824595fc51c2a1bfe8adb690d875df6a8aadb378ebbf4b04bf22182686fc643781bf0ec302dda4a6c",
                "82008258207001cc88c37e75e7091e6789ae8192af92a4295ef16df91f06bd7c70766a93fe5840881ea87fe45dafc453036dc8b3680642e1942981ecb96d0491c0eaa0315e59998a999bf3078d1319ef00c6bf9247e56ecca381929519aab17abf8d5cf79d09b5",
                "8200825820bf8881c134adb0750601195fb1ee13f76a23a6ccc739d8dcc3b0b3cba808033058401b2fd2b776e828e7d1523d1c66126cfab410eb2bda76ebd18f1c411ff8d278d33185414f1522d09e1698db25674eaf4a2ed18bccfef3dc56c8af8a67b08f6b60",
                "8200825820986fbbd9deb0bf2f2001f82e54b6d34f92bebffe77bd6096722b36df98fc721f5840154bba4dd3e72e473517687c0455a0c0e662a8c5665be5f49fa9e7aca40cd311005aff77e875c916449377498cc70becb2fb868d08a06aa5e02ea76200a3e709"
            ],
            "scripts": {
                "0cb3b5adbbfd0ac428d93d0e1e48d72a00136c3d02a201938d25a395": "820281820419f0b9",
                "15358dd4b74197a56460240a96c3331015fe375f549205b6dca80d2d": "8303028282041a00016ef582051a00017ebc",
                "300adccede6050dd4e4149a06539b2cc481f700dea3ec97c5c14fcf8": "8201828200581c0d94e174732ef9aae73f395ab44507bfa983d65023c11a951f0c32e48201838202848200581ca646474b8f5431261506b6c273d307c7569a4eb6c96b42dd4a29520a8200581c58e1b65718531b42494610c506cef10ff031fa817a8ff75c0ab180e78200581c3542acb3a64d80c29302260d62c3b87a742ad14abf855ebc6733081e8200581ca646474b8f5431261506b6c273d307c7569a4eb6c96b42dd4a29520a8201808200581c0d94e174732ef9aae73f395ab44507bfa983d65023c11a951f0c32e4",
                "31eb3ac1b9c599ffc514625b6cf3300bd65ea937c5305da37239de4f": "8200581c4b279a388de46bb4d33c4df64da357640be900b04625a43651b7b059",
                "3530cc9ae7f2895111a99b7a02184dd7c0cea7424f1632d73951b1d7": "83030080",
                "4406788360a3b9dd72e782136ce02eca6c60d12bc3fd2f70a86909b7": "82041a00014aeb",
                "47b96bd2bd193c07896e413220c417c3b6bb3692403e0ff34be6c620": "82051988ed",
                "49d4c0e20b2c85eb620b0d02a499ecaf8e3d435e31c61a69398f1a0f": "82051a00016e7d",
                "4f76a3b7c03818c4ef8833b278b1ae60cf7f1516e3eddcd40c61dee3": "8201858200581cb5ae663aaea8e500157bdf4baafd6f5ba0ce5759f7cd4101fc132f548202808201808200581c65fc709a5e019b8aba76f6977c1c8770e4b36fa76f434efc588747b7820183820419ee37820419ef388201858200581cb16b56f5ec064be6ac3cab6035efae86b366cc3dc4a0d571603d70e58200581c3542acb3a64d80c29302260d62c3b87a742ad14abf855ebc6733081e8200581c76e607db2a31c9a2c32761d2431a186a550cc321f79cd8d6a82b29b88200581c4acf2773917c7b547c576a7ff110d2ba5733c1f1ca9cdc659aea3a568200581cbd039f956f4b302f3ab6fc7c4bac3350a540f44af81a8492194dd2c2",
                "4f91a5ea20aeb616031cb899ca4440402478194d631031a99b805a82": "8200581c4cfcdd3101c6b15a71cf3de4bae8c61b5c16fff90099f01e79492338",
                "51deb2a4a91a7f40d0d3352b7db3f216872f5ad4d1067257f964f34b": "82028582041a000181c98202828201858200581c65fc709a5e019b8aba76f6977c1c8770e4b36fa76f434efc588747b78200581c65fc709a5e019b8aba76f6977c1c8770e4b36fa76f434efc588747b78200581ca646474b8f5431261506b6c273d307c7569a4eb6c96b42dd4a29520a8200581ca646474b8f5431261506b6c273d307c7569a4eb6c96b42dd4a29520a8200581ce0a714319812c3f773ba04ec5d6b3ffcd5aad85006805b047b082541830300848200581c76e607db2a31c9a2c32761d2431a186a550cc321f79cd8d6a82b29b88200581c0d94e174732ef9aae73f395ab44507bfa983d65023c11a951f0c32e48200581c3542acb3a64d80c29302260d62c3b87a742ad14abf855ebc6733081e8200581c65fc709a5e019b8aba76f6977c1c8770e4b36fa76f434efc588747b782028382041962a68200581c4acf2773917c7b547c576a7ff110d2ba5733c1f1ca9cdc659aea3a56830300818200581c0d94e174732ef9aae73f395ab44507bfa983d65023c11a951f0c32e48201858303008082041940028205190a4e8205195c988205191fe1820180",
                "52dc3d43b6d2465e96109ce75ab61abe5e9c1d8a3c9ce6ff8a3af528": "820280",
                "6468b27bea78b53765f221614d22a4774f1b995f66d33caf0dda37b5": "8205191ee5",
                "6eb2d8a71f6e35d47aa73bdd4a5c5d6e7b975877e394c4c7c214309a": "8303028582051a00012c3c8201858201828200581ce0a714319812c3f773ba04ec5d6b3ffcd5aad85006805b047b0825418200581c76e607db2a31c9a2c32761d2431a186a550cc321f79cd8d6a82b29b8830302828200581c76e607db2a31c9a2c32761d2431a186a550cc321f79cd8d6a82b29b88200581c76e607db2a31c9a2c32761d2431a186a550cc321f79cd8d6a82b29b882051935458202828200581c65fc709a5e019b8aba76f6977c1c8770e4b36fa76f434efc588747b78200581c3542acb3a64d80c29302260d62c3b87a742ad14abf855ebc6733081e82041980758205193de782041a00017d5182041a00014096",
                "7e61c5eb8a03ee05bfe62cb78fbe99867160ca0c52ddb71ad6fcb87e": "8200581c1a7d5e232ad01edfcd4d8d651b616364c11cdc041bb5b92a4a01575e",
                "8ccdc564600828a984ffb83180ae483ed3226cd6cecdd9aeb580f6de": "8205198b6e",
                "8fa390849463f43cfdfd788fe4658f8ab87aa49df5a5d15e7741e4df": "82051a000157c6",
                "96230135ef4adcf7cd55ca9e3975808769dbbcb96981f167632a5f30": "83030081820184830300818200581cb16b56f5ec064be6ac3cab6035efae86b366cc3dc4a0d571603d70e58201848200581c65fc709a5e019b8aba76f6977c1c8770e4b36fa76f434efc588747b78200581c3542acb3a64d80c29302260d62c3b87a742ad14abf855ebc6733081e8200581c4acf2773917c7b547c576a7ff110d2ba5733c1f1ca9cdc659aea3a568200581c65fc709a5e019b8aba76f6977c1c8770e4b36fa76f434efc588747b78201838200581c76e607db2a31c9a2c32761d2431a186a550cc321f79cd8d6a82b29b88200581c76e607db2a31c9a2c32761d2431a186a550cc321f79cd8d6a82b29b88200581c0d94e174732ef9aae73f395ab44507bfa983d65023c11a951f0c32e48201858200581c3542acb3a64d80c29302260d62c3b87a742ad14abf855ebc6733081e8200581cb16b56f5ec064be6ac3cab6035efae86b366cc3dc4a0d571603d70e58200581c4acf2773917c7b547c576a7ff110d2ba5733c1f1ca9cdc659aea3a568200581cbd039f956f4b302f3ab6fc7c4bac3350a540f44af81a8492194dd2c28200581cb16b56f5ec064be6ac3cab6035efae86b366cc3dc4a0d571603d70e5",
                "a45d3dfb8f96e7aa7e6c0ce6b3caf2533b4ba54d475bd005a59409b1": "8200581ce0a714319812c3f773ba04ec5d6b3ffcd5aad85006805b047b082541",
                "b48d551986302844f19274b61a8741a01465c7fdee26ef8122e67867": "8201818201858201828200581cb16b56f5ec064be6ac3cab6035efae86b366cc3dc4a0d571603d70e58200581c65fc709a5e019b8aba76f6977c1c8770e4b36fa76f434efc588747b782041a0001152482051915fe8200581c58e1b65718531b42494610c506cef10ff031fa817a8ff75c0ab180e78200581c4acf2773917c7b547c576a7ff110d2ba5733c1f1ca9cdc659aea3a56",
                "b8f42eb09c701dbb064295a6ed3aeef87f499a1d201b34334947cd2e": "82018382018582051a0001238b820519a13382041a0001385c8201828200581c58e1b65718531b42494610c506cef10ff031fa817a8ff75c0ab180e78200581c76e607db2a31c9a2c32761d2431a186a550cc321f79cd8d6a82b29b88201828200581c0d94e174732ef9aae73f395ab44507bfa983d65023c11a951f0c32e48200581cbd039f956f4b302f3ab6fc7c4bac3350a540f44af81a8492194dd2c282051a00010be082018582051a0001463082051a000131e18200581c0d94e174732ef9aae73f395ab44507bfa983d65023c11a951f0c32e48201828200581c65fc709a5e019b8aba76f6977c1c8770e4b36fa76f434efc588747b78200581c76e607db2a31c9a2c32761d2431a186a550cc321f79cd8d6a82b29b8830300828200581c65fc709a5e019b8aba76f6977c1c8770e4b36fa76f434efc588747b78200581cb5ae663aaea8e500157bdf4baafd6f5ba0ce5759f7cd4101fc132f54",
                "bba9e898ffffbaea7d42e2eb2d0ab4793f02db24411de25d18c5684d": "82051a0001636d",
                "d441227553a0f1a965fee7d60a0f724b368dd1bddbc208730fccebcf": "820180",
                "e65e8ed708c7558d69cf2f4e06aafcee0cbde4ee6dea27a4d137332e": "82051a000116cf",
                "e6ff449d10d311cf7026cdc497117777f1c19aa12128e288aa6650de": "8201848201818205191567820285820519026d8200581ca646474b8f5431261506b6c273d307c7569a4eb6c96b42dd4a29520a8201858200581ce0a714319812c3f773ba04ec5d6b3ffcd5aad85006805b047b0825418200581c58e1b65718531b42494610c506cef10ff031fa817a8ff75c0ab180e78200581ca646474b8f5431261506b6c273d307c7569a4eb6c96b42dd4a29520a8200581c58e1b65718531b42494610c506cef10ff031fa817a8ff75c0ab180e78200581c65fc709a5e019b8aba76f6977c1c8770e4b36fa76f434efc588747b7830301818200581ce0a714319812c3f773ba04ec5d6b3ffcd5aad85006805b047b0825418201828200581c4acf2773917c7b547c576a7ff110d2ba5733c1f1ca9cdc659aea3a568200581c0d94e174732ef9aae73f395ab44507bfa983d65023c11a951f0c32e48200581c3542acb3a64d80c29302260d62c3b87a742ad14abf855ebc6733081e82051a00010eea",
                "e80385d6e45db906063a98cc1670f0f374a3a64936be3c5e768c7b85": "820182830301858201848200581c3542acb3a64d80c29302260d62c3b87a742ad14abf855ebc6733081e8200581c76e607db2a31c9a2c32761d2431a186a550cc321f79cd8d6a82b29b88200581ca646474b8f5431261506b6c273d307c7569a4eb6c96b42dd4a29520a8200581ca646474b8f5431261506b6c273d307c7569a4eb6c96b42dd4a29520a8202808201808204198869820419b580820419f28f",
                "eaaf0ade28a552bdc76c8fc43b6bfe20e50b562ca905c69a2b5fd712": "830300848200581ce0a714319812c3f773ba04ec5d6b3ffcd5aad85006805b047b08254182028482041a000185378200581ca646474b8f5431261506b6c273d307c7569a4eb6c96b42dd4a29520a8200581c3542acb3a64d80c29302260d62c3b87a742ad14abf855ebc6733081e8201858200581c4acf2773917c7b547c576a7ff110d2ba5733c1f1ca9cdc659aea3a568200581ce0a714319812c3f773ba04ec5d6b3ffcd5aad85006805b047b0825418200581c76e607db2a31c9a2c32761d2431a186a550cc321f79cd8d6a82b29b88200581cbd039f956f4b302f3ab6fc7c4bac3350a540f44af81a8492194dd2c28200581cb16b56f5ec064be6ac3cab6035efae86b366cc3dc4a0d571603d70e5820519214c8200581c58e1b65718531b42494610c506cef10ff031fa817a8ff75c0ab180e7"
            }
        }
    ],
    "seed": -596782672
}