{
    "samples": [
        [
            "824833eccc6c60499d6f50e4765baa78313dcff4cff3f065f76089",
            "8248b483e081c1fe76a350c99d5362f43d9dae735b9180d5d87fc0",
            "8248c671e18016e18fec501289da6f1dbe379fb100704a7b798a6c",
            "82488cad9292594289b950be0cb32729a97fba93c2eb773e7485ab",
            "8248f9d75015525a9dd850943cf5ce5b0c1c6e46fda3b0b8517ebd",
            "8248a640ae7eb65154ec50f56891154351e5624a3672f09b1c5f63",
            "8248562857fbb8e9a0fe50f2696f2c235b0fcfb530138467d2fd6c",
            "82487f6ef5c68cdac6cf5025a4303b2cd08e44738a7462bb33c6dc",
            "8248a1353b44cf77e06850cdbdc8d305d669d93ca9c96987f87666",
            "8248016da163a169eee250ae5bcd0f5d5e0f102f7b5967e9c1cda3",
            "82485b2264b09d5c50cb50c2046164b6a636d3ad54954d58ef6a63",
            "824811b602cc0901d185502be33fa258a121cc88b1a49d68f159fa",
            "8248d709f56da9d3096c50031455192f83dfe008ddf8097cd664a6",
            "8248de65f802ce2bf7a65081af7514b6a7a2a5205a44fc5d35fd6a",
            "824894bbc059161dffc650d709b2919ab2dd46b55784e6c06bf472",
            "82480c1ca76c487701b65055b2668994a5a9468bb83dd7cd645ddf",
            "8248e869fcbc2f5e631f50a11acafd63d80650959040d5ba25da3a",
            "82488b56ba0fcced79d1506f953434241b62eb848aa8f45e72b5f4",
            "824897e59913ba8b9084504b32ea984b02c5ba56d19dc3a89e4629",
            "8248ebe79be81740048550f8469b0ad19eb18218dcf9e6f879f38b",
            "824808f2234543d33de550eac1f2f231b5e3baece6b803f19a676d",
            "8248938c2646ea904a3f50f8aa58469a941ceafc1b2a7848303b03",
            "8248ece821ba69d6e23850d4b34fdaaacf2ddfe3682481a22651bd",
            "8248f778a6703e27eff4500454c9af58ce6efb03a3f095f5867f7e",
            "8248846f8b5bb63ce3ba505920eb6e0a0b9978903deb4795cc3688"
        ],
        [
            "8248c090f02cda46e65950c0c779da2506cd98befaa64184df6160",
            "8248186d0e3f740754fa50d5597ec2e60e2b179a17e9fa818aa477",
            "8248d37fc17bf97214ea50ac1b27deabdd0c07fd3af74058a30cb7",
            "8248eaf35a24e94ec8065042defa9c4aac85ec4d431cc45513bd55"
        ],
        [
            "8248e8eb215a5f32c1fa505e4e30fd1d8e0f910687ec8801bd90f6",
            "824894bd77495157e1ba50fb6b15251b96131ead5a3ddf27a451f9",
            "8248f75dc92705ab43aa50644709250a66717472dc063a4739d586",
            "824843e9f7cad3e767275077af85ca68c50ca2088f6a419a119212",
            "8248afe225e39ccf3512500dadedadb43fca2eecefa777608f7f94",
            "8248fcc1df6494e858a450f4a04fd4a8356ba8aa13face58e11b31",
            "8248caceeba8809893b2503d6fde5b1e24bfca6815e086be5df77b",
            "8248c2b1260d8a20eda75074812afe01ad0b583b2ebd2a41ea6bb2",
            "82482668310183e2cdc75091ba23e4ea27b5311d8de420cf5c7f4d",
            "8248defea3d279890dee501fbb81d032b2c1a1a6f4da0a2ba3a231",
            "824821458e1c201759ba50219171a0104112c44b584ffca606d91f",
            "824806273a273deb72a750971062826300e2b9c9de8ff08b21a906",
            "824820a71bb5cae51c5350e49a8578c52fca2aec847a9588495128"
        ],
        [
            "82481f03be547ecd327550ec7ffd4799e2012eec15a81cee8eed45",
            "8248c536b941c389ce0450476194aef9d64703cf407036f3b035a4",
            "8248868ab9d7dd19ad28507b2ada24e7667f6af6caf1a97bf5b968",
            "82483897d54933b088f250ce5a60992cd9c50a10f9385a680e4d0a",
            "824854d7f8907b4363b75040bc7bcf0509754270c4fc1d3b4e774f",
            "8248f098f73ad3e8bdc2500dadb86635e75332c97adc749d2f712b",
            "8248d38a4958fe0e966b5073255eba9039ce7d558dc6fbe9e315d4",
            "824821f7bacc833ba8c9509dcc2dfe8ecd78203b8f5e74dce83899",
            "8248665ac0052865953c502d496b51eb72f1edf12d6d226dea891d",
            "824833f11aa93188c04e50d474672fe2d615d4f0e7db689d8ed479",
            "8248025b679ba3ed0c9850c6dd0d26bf149ab9faabc133ee133343",
            "824838525def4d3889d350a4f35f9aebadd3c9ce33064f51025142",
            "8248c69cfc989c7caa29507585d9ebd668073b75ede1a5223fd581",
            "82488f4eb8113e6d853850526a5983db2d50e76730ef914cb6c7b9",
            "8248b867ac16361afdbb5040a7be8ee240f0d6c1c5e680b1321658",
            "82482fe9b56f245cc877505ab149a4c025ddae711dc977b2ef6ec3",
            "8248829b22c73ef618dc5097b00211b87d3b2cd8090db2b775d33a",
            "824882195bcea7b9a54450f61c49ca9b65b88b8621abae9d97d66d",
            "8248881c921e5cf20223500cf4818b1de0833e9426bdcf1e04051d",
            "8248c380c954dbba6ff8502186e77810b69091f337b8917e82fe6f",
            "82482945989e0a6cd1fa503d55b5e0f2dede838e47baf277f0c2d3",
            "82489701b479a4280414507142c9bd81913973ee12b5a90fbd289c"
        ],
        [
            "8248fe61bc825d4fe3ef5059f8bb5644929007c554f7b4fbae759e",
            "824851a2352a0896be60507138ed02102034d858bc9d9e9bc1720f",
            "8248055329517c37d053501dcf11366de0c8b2865b284b0b00840e",
            "82483d445e0382addd4a50330d4a9bedc19f195abd177fbc5b11b9",
            "8248784029dec2f33be150c4f99d2b3bac13e868b7400b50191545",
            "82484f5b3f4c3ab5e44e5052416fc08a482fc1aefde012c65b5974",
            "8248c71c4eaca4f99eb650834f2a6d46c1fcddf12f174e0668dc29",
            "82486f0725bf68b56b74507543e5b958b7c6a0932aba5a451b01bd",
            "824812226d08810c0eef50d9f147a9d957a5a2d828daf65c2ecdb4",
            "824844c265f564f9f42950b494313766e61230b660037a7ba0a246",
            "82487d26658b73a123265091078cf8b944af98c3fb5d1fb52ba5b1",
            "82481aaf8dc6abc8ad8f50296f2ac00208f716f198d6c5c0252a30",
            "824833d41ca8e5d475f0503a457b4803f528673e420177f7b2cc56",
            "82486e9fbcfc8962475550c50d2659c25c53f823f33b0b80b1e978",
            "82482c817b50f240b19c50ac7a11d564c6d09d274dfb6d5c84d5a4",
            "8248b96a03eeacf1b8c5503b2ee917e8602d4ab41b0a8e10565ecb",
            "8248668cb9315bbb35f2508f73a0e00079cb98b050e386f7e910ec"
        ]
    ],
    "seed": 1759182589
}